ARM GAS  /tmp/ccd93pDH.s 			page 1


   1              		.cpu cortex-m33
   2              		.eabi_attribute 27, 1
   3              		.eabi_attribute 28, 1
   4              		.eabi_attribute 20, 1
   5              		.eabi_attribute 21, 1
   6              		.eabi_attribute 23, 3
   7              		.eabi_attribute 24, 1
   8              		.eabi_attribute 25, 1
   9              		.eabi_attribute 26, 1
  10              		.eabi_attribute 30, 4
  11              		.eabi_attribute 34, 1
  12              		.eabi_attribute 18, 4
  13              		.file	"ux_device_stack_set_feature.c"
  14              		.text
  15              		.section	.text._ux_device_stack_set_feature,"ax",%progbits
  16              		.align	1
  17              		.global	_ux_device_stack_set_feature
  18              		.arch armv8-m.main
  19              		.arch_extension dsp
  20              		.syntax unified
  21              		.thumb
  22              		.thumb_func
  23              		.fpu fpv4-sp-d16
  25              	_ux_device_stack_set_feature:
  26              		@ args = 0, pretend = 0, frame = 0
  27              		@ frame_needed = 0, uses_anonymous_args = 0
  28 0000 38B5     		push	{r3, r4, r5, lr}
  29 0002 144B     		ldr	r3, .L14
  30 0004 10F00300 		ands	r0, r0, #3
  31 0008 1546     		mov	r5, r2
  32 000a 1C68     		ldr	r4, [r3]
  33 000c 05D0     		beq	.L2
  34 000e 0228     		cmp	r0, #2
  35 0010 0BD0     		beq	.L3
  36              	.L4:
  37 0012 A369     		ldr	r3, [r4, #24]
  38 0014 04F13C02 		add	r2, r4, #60
  39 0018 13E0     		b	.L13
  40              	.L2:
  41 001a 0129     		cmp	r1, #1
  42 001c 18D1     		bne	.L12
  43 001e D4F84821 		ldr	r2, [r4, #328]
  44 0022 AAB1     		cbz	r2, .L12
  45 0024 C4F84C11 		str	r1, [r4, #332]
  46              	.L1:
  47 0028 38BD     		pop	{r3, r4, r5, pc}
  48              	.L3:
  49 002a D4F8B430 		ldr	r3, [r4, #180]
  50              	.L6:
  51 002e 002B     		cmp	r3, #0
  52 0030 EFD0     		beq	.L4
  53 0032 DA69     		ldr	r2, [r3, #28]
  54              	.L7:
  55 0034 0AB9     		cbnz	r2, .L9
  56 0036 9B69     		ldr	r3, [r3, #24]
  57 0038 F9E7     		b	.L6
  58              	.L9:
ARM GAS  /tmp/ccd93pDH.s 			page 2


  59 003a 917B     		ldrb	r1, [r2, #14]	@ zero_extendqisi2
  60 003c A942     		cmp	r1, r5
  61 003e 05D1     		bne	.L8
  62 0040 A369     		ldr	r3, [r4, #24]
  63              	.L13:
  64 0042 1421     		movs	r1, #20
  65 0044 2046     		mov	r0, r4
  66 0046 9847     		blx	r3
  67 0048 0020     		movs	r0, #0
  68 004a EDE7     		b	.L1
  69              	.L8:
  70 004c 5269     		ldr	r2, [r2, #20]
  71 004e F1E7     		b	.L7
  72              	.L12:
  73 0050 5420     		movs	r0, #84
  74 0052 E9E7     		b	.L1
  75              	.L15:
  76              		.align	2
  77              	.L14:
  78 0054 00000000 		.word	_ux_system_slave
  80              		.ident	"GCC: (15:10.3-2021.07-4) 10.3.1 20210621 (release)"
ARM GAS  /tmp/ccd93pDH.s 			page 3


DEFINED SYMBOLS
                            *ABS*:0000000000000000 ux_device_stack_set_feature.c
     /tmp/ccd93pDH.s:16     .text._ux_device_stack_set_feature:0000000000000000 $t
     /tmp/ccd93pDH.s:25     .text._ux_device_stack_set_feature:0000000000000000 _ux_device_stack_set_feature
     /tmp/ccd93pDH.s:78     .text._ux_device_stack_set_feature:0000000000000054 $d

UNDEFINED SYMBOLS
_ux_system_slave
