Archive member included to satisfy reference by file (symbol)

C:/ST/STM32CubeIDE_1.19.0/STM32CubeIDE/plugins/com.st.stm32cube.ide.mcu.externaltools.gnu-tools-for-stm32.13.3.rel1.win32_1.0.0.202411081344/tools/bin/../lib/gcc/arm-none-eabi/13.3.1/../../../../arm-none-eabi/lib/thumb/v8-m.main+fp/hard\libc_nano.a(libc_a-exit.o)
                              C:/ST/STM32CubeIDE_1.19.0/STM32CubeIDE/plugins/com.st.stm32cube.ide.mcu.externaltools.gnu-tools-for-stm32.13.3.rel1.win32_1.0.0.202411081344/tools/bin/../lib/gcc/arm-none-eabi/13.3.1/../../../../arm-none-eabi/lib/thumb/v8-m.main+fp/hard/crt0.o (exit)
C:/ST/STM32CubeIDE_1.19.0/STM32CubeIDE/plugins/com.st.stm32cube.ide.mcu.externaltools.gnu-tools-for-stm32.13.3.rel1.win32_1.0.0.202411081344/tools/bin/../lib/gcc/arm-none-eabi/13.3.1/../../../../arm-none-eabi/lib/thumb/v8-m.main+fp/hard\libc_nano.a(libc_a-findfp.o)
                              C:/ST/STM32CubeIDE_1.19.0/STM32CubeIDE/plugins/com.st.stm32cube.ide.mcu.externaltools.gnu-tools-for-stm32.13.3.rel1.win32_1.0.0.202411081344/tools/bin/../lib/gcc/arm-none-eabi/13.3.1/../../../../arm-none-eabi/lib/thumb/v8-m.main+fp/hard\libc_nano.a(libc_a-exit.o) (__stdio_exit_handler)
C:/ST/STM32CubeIDE_1.19.0/STM32CubeIDE/plugins/com.st.stm32cube.ide.mcu.externaltools.gnu-tools-for-stm32.13.3.rel1.win32_1.0.0.202411081344/tools/bin/../lib/gcc/arm-none-eabi/13.3.1/../../../../arm-none-eabi/lib/thumb/v8-m.main+fp/hard\libc_nano.a(libc_a-fwalk.o)
                              C:/ST/STM32CubeIDE_1.19.0/STM32CubeIDE/plugins/com.st.stm32cube.ide.mcu.externaltools.gnu-tools-for-stm32.13.3.rel1.win32_1.0.0.202411081344/tools/bin/../lib/gcc/arm-none-eabi/13.3.1/../../../../arm-none-eabi/lib/thumb/v8-m.main+fp/hard\libc_nano.a(libc_a-findfp.o) (_fwalk_sglue)
C:/ST/STM32CubeIDE_1.19.0/STM32CubeIDE/plugins/com.st.stm32cube.ide.mcu.externaltools.gnu-tools-for-stm32.13.3.rel1.win32_1.0.0.202411081344/tools/bin/../lib/gcc/arm-none-eabi/13.3.1/../../../../arm-none-eabi/lib/thumb/v8-m.main+fp/hard\libc_nano.a(libc_a-stdio.o)
                              C:/ST/STM32CubeIDE_1.19.0/STM32CubeIDE/plugins/com.st.stm32cube.ide.mcu.externaltools.gnu-tools-for-stm32.13.3.rel1.win32_1.0.0.202411081344/tools/bin/../lib/gcc/arm-none-eabi/13.3.1/../../../../arm-none-eabi/lib/thumb/v8-m.main+fp/hard\libc_nano.a(libc_a-findfp.o) (__sread)
C:/ST/STM32CubeIDE_1.19.0/STM32CubeIDE/plugins/com.st.stm32cube.ide.mcu.externaltools.gnu-tools-for-stm32.13.3.rel1.win32_1.0.0.202411081344/tools/bin/../lib/gcc/arm-none-eabi/13.3.1/../../../../arm-none-eabi/lib/thumb/v8-m.main+fp/hard\libc_nano.a(libc_a-memset.o)
                              C:/ST/STM32CubeIDE_1.19.0/STM32CubeIDE/plugins/com.st.stm32cube.ide.mcu.externaltools.gnu-tools-for-stm32.13.3.rel1.win32_1.0.0.202411081344/tools/bin/../lib/gcc/arm-none-eabi/13.3.1/../../../../arm-none-eabi/lib/thumb/v8-m.main+fp/hard/crt0.o (memset)
C:/ST/STM32CubeIDE_1.19.0/STM32CubeIDE/plugins/com.st.stm32cube.ide.mcu.externaltools.gnu-tools-for-stm32.13.3.rel1.win32_1.0.0.202411081344/tools/bin/../lib/gcc/arm-none-eabi/13.3.1/../../../../arm-none-eabi/lib/thumb/v8-m.main+fp/hard\libc_nano.a(libc_a-closer.o)
                              C:/ST/STM32CubeIDE_1.19.0/STM32CubeIDE/plugins/com.st.stm32cube.ide.mcu.externaltools.gnu-tools-for-stm32.13.3.rel1.win32_1.0.0.202411081344/tools/bin/../lib/gcc/arm-none-eabi/13.3.1/../../../../arm-none-eabi/lib/thumb/v8-m.main+fp/hard\libc_nano.a(libc_a-stdio.o) (_close_r)
C:/ST/STM32CubeIDE_1.19.0/STM32CubeIDE/plugins/com.st.stm32cube.ide.mcu.externaltools.gnu-tools-for-stm32.13.3.rel1.win32_1.0.0.202411081344/tools/bin/../lib/gcc/arm-none-eabi/13.3.1/../../../../arm-none-eabi/lib/thumb/v8-m.main+fp/hard\libc_nano.a(libc_a-reent.o)
                              C:/ST/STM32CubeIDE_1.19.0/STM32CubeIDE/plugins/com.st.stm32cube.ide.mcu.externaltools.gnu-tools-for-stm32.13.3.rel1.win32_1.0.0.202411081344/tools/bin/../lib/gcc/arm-none-eabi/13.3.1/../../../../arm-none-eabi/lib/thumb/v8-m.main+fp/hard\libc_nano.a(libc_a-closer.o) (errno)
C:/ST/STM32CubeIDE_1.19.0/STM32CubeIDE/plugins/com.st.stm32cube.ide.mcu.externaltools.gnu-tools-for-stm32.13.3.rel1.win32_1.0.0.202411081344/tools/bin/../lib/gcc/arm-none-eabi/13.3.1/../../../../arm-none-eabi/lib/thumb/v8-m.main+fp/hard\libc_nano.a(libc_a-impure.o)
                              C:/ST/STM32CubeIDE_1.19.0/STM32CubeIDE/plugins/com.st.stm32cube.ide.mcu.externaltools.gnu-tools-for-stm32.13.3.rel1.win32_1.0.0.202411081344/tools/bin/../lib/gcc/arm-none-eabi/13.3.1/../../../../arm-none-eabi/lib/thumb/v8-m.main+fp/hard\libc_nano.a(libc_a-reent.o) (_impure_ptr)
C:/ST/STM32CubeIDE_1.19.0/STM32CubeIDE/plugins/com.st.stm32cube.ide.mcu.externaltools.gnu-tools-for-stm32.13.3.rel1.win32_1.0.0.202411081344/tools/bin/../lib/gcc/arm-none-eabi/13.3.1/../../../../arm-none-eabi/lib/thumb/v8-m.main+fp/hard\libc_nano.a(libc_a-lseekr.o)
[...]
Memory Configuration

Name             Origin             Length             Attributes
RAM              0x20030000         0x00010000         xrw
SRAM4            0x28000000         0x00004000         xrw
FLASH            0x08010000         0x00010000         xr
*default*        0x00000000         0xffffffff

Linker script and memory map

LOAD C:/ST/STM32CubeIDE_1.19.0/STM32CubeIDE/plugins/com.st.stm32cube.ide.mcu.externaltools.gnu-tools-for-stm32.13.3.rel1.win32_1.0.0.202411081344/tools/bin/../lib/gcc/arm-none-eabi/13.3.1/thumb/v8-m.main+fp/hard/crti.o
LOAD C:/ST/STM32CubeIDE_1.19.0/STM32CubeIDE/plugins/com.st.stm32cube.ide.mcu.externaltools.gnu-tools-for-stm32.13.3.rel1.win32_1.0.0.202411081344/tools/bin/../lib/gcc/arm-none-eabi/13.3.1/thumb/v8-m.main+fp/hard/crtbegin.o
LOAD C:/ST/STM32CubeIDE_1.19.0/STM32CubeIDE/plugins/com.st.stm32cube.ide.mcu.externaltools.gnu-tools-for-stm32.13.3.rel1.win32_1.0.0.202411081344/tools/bin/../lib/gcc/arm-none-eabi/13.3.1/../../../../arm-none-eabi/lib/thumb/v8-m.main+fp/hard/crt0.o
LOAD ./Core/Src/main.o
LOAD ./Core/Src/stm32u5xx_hal_msp.o
LOAD ./Core/Src/stm32u5xx_it.o
LOAD ./Core/Src/syscalls.o
LOAD ./Core/Src/sysmem.o
LOAD ./Core/Src/system_stm32u5xx_ns.o
LOAD ./Core/Startup/startup_stm32u535cbtx.o
LOAD ./Drivers/STM32U5xx_HAL_Driver/stm32u5xx_hal.o
LOAD ./Drivers/STM32U5xx_HAL_Driver/stm32u5xx_hal_cortex.o
LOAD ./Drivers/STM32U5xx_HAL_Driver/stm32u5xx_hal_dma.o
LOAD ./Drivers/STM32U5xx_HAL_Driver/stm32u5xx_hal_dma_ex.o
LOAD ./Drivers/STM32U5xx_HAL_Driver/stm32u5xx_hal_exti.o
LOAD ./Drivers/STM32U5xx_HAL_Driver/stm32u5xx_hal_flash.o
LOAD ./Drivers/STM32U5xx_HAL_Driver/stm32u5xx_hal_flash_ex.o
LOAD ./Drivers/STM32U5xx_HAL_Driver/stm32u5xx_hal_gpio.o
LOAD ./Drivers/STM32U5xx_HAL_Driver/stm32u5xx_hal_gtzc.o
LOAD ./Drivers/STM32U5xx_HAL_Driver/stm32u5xx_hal_i2c.o
LOAD ./Drivers/STM32U5xx_HAL_Driver/stm32u5xx_hal_i2c_ex.o
LOAD ./Drivers/STM32U5xx_HAL_Driver/stm32u5xx_hal_icache.o
LOAD ./Drivers/STM32U5xx_HAL_Driver/stm32u5xx_hal_pwr.o
LOAD ./Drivers/STM32U5xx_HAL_Driver/stm32u5xx_hal_pwr_ex.o
LOAD ./Drivers/STM32U5xx_HAL_Driver/stm32u5xx_hal_rcc.o
LOAD ./Drivers/STM32U5xx_HAL_Driver/stm32u5xx_hal_rcc_ex.o
LOAD C:/tmp/diplomka/one-time-pad-keychain/TrustZone_app/Secure/Debug/secure_nsclib.o
START GROUP
LOAD C:/ST/STM32CubeIDE_1.19.0/STM32CubeIDE/plugins/com.st.stm32cube.ide.mcu.externaltools.gnu-tools-for-stm32.13.3.rel1.win32_1.0.0.202411081344/tools/bin/../lib/gcc/arm-none-eabi/13.3.1/../../../../arm-none-eabi/lib/thumb/v8-m.main+fp/hard\libc_nano.a
LOAD C:/ST/STM32CubeIDE_1.19.0/STM32CubeIDE/plugins/com.st.stm32cube.ide.mcu.externaltools.gnu-tools-for-stm32.13.3.rel1.win32_1.0.0.202411081344/tools/bin/../lib/gcc/arm-none-eabi/13.3.1/../../../../arm-none-eabi/lib/thumb/v8-m.main+fp/hard\libm.a
END GROUP
START GROUP
LOAD C:/ST/STM32CubeIDE_1.19.0/STM32CubeIDE/plugins/com.st.stm32cube.ide.mcu.externaltools.gnu-tools-for-stm32.13.3.rel1.win32_1.0.0.202411081344/tools/bin/../lib/gcc/arm-none-eabi/13.3.1/thumb/v8-m.main+fp/hard\libgcc.a
LOAD C:/ST/STM32CubeIDE_1.19.0/STM32CubeIDE/plugins/com.st.stm32cube.ide.mcu.externaltools.gnu-tools-for-stm32.13.3.rel1.win32_1.0.0.202411081344/tools/bin/../lib/gcc/arm-none-eabi/13.3.1/../../../../arm-none-eabi/lib/thumb/v8-m.main+fp/hard\libc_nano.a
END GROUP
START GROUP
LOAD C:/ST/STM32CubeIDE_1.19.0/STM32CubeIDE/plugins/com.st.stm32cube.ide.mcu.externaltools.gnu-tools-for-stm32.13.3.rel1.win32_1.0.0.202411081344/tools/bin/../lib/gcc/arm-none-eabi/13.3.1/thumb/v8-m.main+fp/hard\libgcc.a
LOAD C:/ST/STM32CubeIDE_1.19.0/STM32CubeIDE/plugins/com.st.stm32cube.ide.mcu.externaltools.gnu-tools-for-stm32.13.3.rel1.win32_1.0.0.202411081344/tools/bin/../lib/gcc/arm-none-eabi/13.3.1/../../../../arm-none-eabi/lib/thumb/v8-m.main+fp/hard\libc_nano.a
LOAD C:/ST/STM32CubeIDE_1.19.0/STM32CubeIDE/plugins/com.st.stm32cube.ide.mcu.externaltools.gnu-tools-for-stm32.13.3.rel1.win32_1.0.0.202411081344/tools/bin/../lib/gcc/arm-none-eabi/13.3.1/../../../../arm-none-eabi/lib/thumb/v8-m.main+fp/hard\libnosys.a
END GROUP
START GROUP
LOAD C:/ST/STM32CubeIDE_1.19.0/STM32CubeIDE/plugins/com.st.stm32cube.ide.mcu.externaltools.gnu-tools-for-stm32.13.3.rel1.win32_1.0.0.202411081344/tools/bin/../lib/gcc/arm-none-eabi/13.3.1/thumb/v8-m.main+fp/hard\libgcc.a
LOAD C:/ST/STM32CubeIDE_1.19.0/STM32CubeIDE/plugins/com.st.stm32cube.ide.mcu.externaltools.gnu-tools-for-stm32.13.3.rel1.win32_1.0.0.202411081344/tools/bin/../lib/gcc/arm-none-eabi/13.3.1/../../../../arm-none-eabi/lib/thumb/v8-m.main+fp/hard\libc_nano.a
LOAD C:/ST/STM32CubeIDE_1.19.0/STM32CubeIDE/plugins/com.st.stm32cube.ide.mcu.externaltools.gnu-tools-for-stm32.13.3.rel1.win32_1.0.0.202411081344/tools/bin/../lib/gcc/arm-none-eabi/13.3.1/../../../../arm-none-eabi/lib/thumb/v8-m.main+fp/hard\libnosys.a
END GROUP
LOAD C:/ST/STM32CubeIDE_1.19.0/STM32CubeIDE/plugins/com.st.stm32cube.ide.mcu.externaltools.gnu-tools-for-stm32.13.3.rel1.win32_1.0.0.202411081344/tools/bin/../lib/gcc/arm-none-eabi/13.3.1/thumb/v8-m.main+fp/hard/crtend.o
LOAD C:/ST/STM32CubeIDE_1.19.0/STM32CubeIDE/plugins/com.st.stm32cube.ide.mcu.externaltools.gnu-tools-for-stm32.13.3.rel1.win32_1.0.0.202411081344/tools/bin/../lib/gcc/arm-none-eabi/13.3.1/thumb/v8-m.main+fp/hard/crtn.o
                0x20040000                        _estack = (ORIGIN (RAM) + LENGTH (RAM))
                0x00000200                        _Min_Heap_Size = 0x200
                0x00000400                        _Min_Stack_Size = 0x400

.isr_vector     0x08010000      0x238
 *(.isr_vector)
 .isr_vector    0x08010000      0x238 ./Core/Startup/startup_stm32u535cbtx.o
                0x08010000                g_pfnVectors

.text           0x08010238     0x1c98
 *(.text)
 .text          0x08010238       0x40 C:/ST/STM32CubeIDE_1.19.0/STM32CubeIDE/plugins/com.st.stm32cube.ide.mcu.externaltools.gnu-tools-for-stm32.13.3.rel1.win32_1.0.0.202411081344/tools/bin/../lib/gcc/arm-none-eabi/13.3.1/thumb/v8-m.main+fp/hard/crtbegin.o
 *(.text*)
 .text.main     0x08010278       0x12 ./Core/Src/main.o
                0x08010278                main
 .text.SystemClock_Config
                0x0801028a       0x92 ./Core/Src/main.o
                0x0801028a                SystemClock_Config
 .text.Error_Handler
                0x0801031c        0xc ./Core/Src/main.o
                0x0801031c                Error_Handler
 .text.HAL_MspInit
                0x08010328       0x34 ./Core/Src/stm32u5xx_hal_msp.o
                0x08010328                HAL_MspInit
 .text.MemManage_Handler
                0x0801035c        0x8 ./Core/Src/stm32u5xx_it.o
                0x0801035c                MemManage_Handler
 .text.UsageFault_Handler
                0x08010364        0x8 ./Core/Src/stm32u5xx_it.o
                0x08010364                UsageFault_Handler
 .text.SVC_Handler
                0x0801036c        0xe ./Core/Src/stm32u5xx_it.o
                0x0801036c                SVC_Handler
 .text.PendSV_Handler
                0x0801037a        0xe ./Core/Src/stm32u5xx_it.o
                0x0801037a                PendSV_Handler
 .text.SysTick_Handler
                0x08010388        0xc ./Core/Src/stm32u5xx_it.o
                0x08010388                SysTick_Handler
 .text.SystemInit
                0x08010394        0xe ./Core/Src/system_stm32u5xx_ns.o
                0x08010394                SystemInit
 *fill*         0x080103a2        0x2 
 .text.Reset_Handler
                0x080103a4       0x50 ./Core/Startup/startup_stm32u535cbtx.o
                0x080103a4                Reset_Handler
 .text.Default_Handler
                0x080103f4        0x2 ./Core/Startup/startup_stm32u535cbtx.o
                0x080103f4                EXTI2_IRQHandler
                0x080103f4                TIM8_TRG_COM_IRQHandler
                0x080103f4                TIM8_CC_IRQHandler
                0x080103f4                EXTI5_IRQHandler
                0x080103f4                DebugMon_Handler
                0x080103f4                FLASH_S_IRQHandler
                0x080103f4                EXTI13_IRQHandler
                0x080103f4                TIM1_CC_IRQHandler
                0x080103f4                TSC_IRQHandler
                0x080103f4                HardFault_Handler
                0x080103f4                TAMP_IRQHandler
                0x080103f4                TIM6_IRQHandler
                0x080103f4                EXTI12_IRQHandler
                0x080103f4                CORDIC_IRQHandler
                0x080103f4                NMI_Handler
                0x080103f4                EXTI3_IRQHandler
                0x080103f4                LPTIM4_IRQHandler
                0x080103f4                GPDMA1_Channel5_IRQHandler
                0x080103f4                EXTI8_IRQHandler
                0x080103f4                LPTIM2_IRQHandler
                0x080103f4                I2C3_ER_IRQHandler
                0x080103f4                PWR_S3WU_IRQHandler
                0x080103f4                LPDMA1_Channel3_IRQHandler
                0x080103f4                LPTIM3_IRQHandler
                0x080103f4                EXTI0_IRQHandler
                0x080103f4                I2C2_EV_IRQHandler
                0x080103f4                FPU_IRQHandler
                0x080103f4                GPDMA1_Channel3_IRQHandler
                0x080103f4                GPDMA1_Channel7_IRQHandler
                0x080103f4                FDCAN1_IT1_IRQHandler
                0x080103f4                RAMCFG_IRQHandler
                0x080103f4                GPDMA1_Channel9_IRQHandler
                0x080103f4                DCACHE1_IRQHandler
                0x080103f4                SPI1_IRQHandler
                0x080103f4                OCTOSPI1_IRQHandler
                0x080103f4                GPDMA1_Channel2_IRQHandler
                0x080103f4                TIM8_UP_IRQHandler
                0x080103f4                RCC_S_IRQHandler
                0x080103f4                MDF1_FLT1_IRQHandler
                0x080103f4                ADC1_IRQHandler
                0x080103f4                EXTI15_IRQHandler
                0x080103f4                TIM17_IRQHandler
                0x080103f4                USART3_IRQHandler
                0x080103f4                RTC_IRQHandler
                0x080103f4                EXTI9_IRQHandler
                0x080103f4                UART5_IRQHandler
                0x080103f4                TIM4_IRQHandler
                0x080103f4                I2C1_EV_IRQHandler
                0x080103f4                GPDMA1_Channel12_IRQHandler
                0x080103f4                GPDMA1_Channel1_IRQHandler
                0x080103f4                TIM16_IRQHandler
                0x080103f4                GPDMA1_Channel15_IRQHandler
                0x080103f4                UART4_IRQHandler
                0x080103f4                SecureFault_Handler
                0x080103f4                TIM3_IRQHandler
                0x080103f4                RCC_IRQHandler
                0x080103f4                TIM1_TRG_COM_IRQHandler
                0x080103f4                Default_Handler
                0x080103f4                GPDMA1_Channel8_IRQHandler
                0x080103f4                FMAC_IRQHandler
                0x080103f4                GPDMA1_Channel11_IRQHandler
                0x080103f4                TIM7_IRQHandler
                0x080103f4                SDMMC1_IRQHandler
                0x080103f4                TIM5_IRQHandler
                0x080103f4                GPDMA1_Channel0_IRQHandler
                0x080103f4                TIM15_IRQHandler
                0x080103f4                I2C3_EV_IRQHandler
                0x080103f4                USB_IRQHandler
                0x080103f4                LPDMA1_Channel0_IRQHandler
                0x080103f4                PVD_PVM_IRQHandler
                0x080103f4                SPI2_IRQHandler
                0x080103f4                LPDMA1_Channel1_IRQHandler
                0x080103f4                EXTI14_IRQHandler
                0x080103f4                EXTI11_IRQHandler
                0x080103f4                CRS_IRQHandler
                0x080103f4                GPDMA1_Channel14_IRQHandler
                0x080103f4                LSECSSD_IRQHandler
                0x080103f4                EXTI4_IRQHandler
                0x080103f4                RTC_S_IRQHandler
                0x080103f4                GPDMA1_Channel13_IRQHandler
                0x080103f4                RNG_IRQHandler
                0x080103f4                COMP_IRQHandler
                0x080103f4                TIM1_UP_IRQHandler
                0x080103f4                ADC4_IRQHandler
                0x080103f4                WWDG_IRQHandler
                0x080103f4                I2C4_EV_IRQHandler
                0x080103f4                ADF1_IRQHandler
                0x080103f4                IWDG_IRQHandler
                0x080103f4                LPUART1_IRQHandler
                0x080103f4                MDF1_FLT0_IRQHandler
                0x080103f4                FDCAN1_IT0_IRQHandler
                0x080103f4                TIM2_IRQHandler
                0x080103f4                GPDMA1_Channel4_IRQHandler
                0x080103f4                EXTI7_IRQHandler
                0x080103f4                TIM1_BRK_IRQHandler
                0x080103f4                EXTI1_IRQHandler
                0x080103f4                DAC1_IRQHandler
                0x080103f4                GTZC_IRQHandler
                0x080103f4                GPDMA1_Channel6_IRQHandler
                0x080103f4                I2C2_ER_IRQHandler
                0x080103f4                TIM8_BRK_IRQHandler
                0x080103f4                FLASH_IRQHandler
                0x080103f4                BusFault_Handler
                0x080103f4                USART1_IRQHandler
                0x080103f4                EXTI10_IRQHandler
                0x080103f4                SPI3_IRQHandler
                0x080103f4                LPDMA1_Channel2_IRQHandler
                0x080103f4                I2C1_ER_IRQHandler
                0x080103f4                EXTI6_IRQHandler
                0x080103f4                LPTIM1_IRQHandler
                0x080103f4                DCMI_PSSI_IRQHandler
                0x080103f4                I2C4_ER_IRQHandler
                0x080103f4                GPDMA1_Channel10_IRQHandler
                0x080103f4                ICACHE_IRQHandler
                0x080103f4                SAI1_IRQHandler
                0x080103f4                HASH_IRQHandler
 *fill*         0x080103f6        0x2 
 .text.HAL_Init
                0x080103f8       0x60 ./Drivers/STM32U5xx_HAL_Driver/stm32u5xx_hal.o
                0x080103f8                HAL_Init
 .text.HAL_InitTick
                0x08010458       0xec ./Drivers/STM32U5xx_HAL_Driver/stm32u5xx_hal.o
                0x08010458                HAL_InitTick
 .text.HAL_IncTick
                0x08010544       0x28 ./Drivers/STM32U5xx_HAL_Driver/stm32u5xx_hal.o
                0x08010544                HAL_IncTick
 .text.HAL_GetTick
                0x0801056c       0x18 ./Drivers/STM32U5xx_HAL_Driver/stm32u5xx_hal.o
                0x0801056c                HAL_GetTick
 .text.__NVIC_SetPriorityGrouping
                0x08010584       0x48 ./Drivers/STM32U5xx_HAL_Driver/stm32u5xx_hal_cortex.o
 .text.__NVIC_GetPriorityGrouping
                0x080105cc       0x1c ./Drivers/STM32U5xx_HAL_Driver/stm32u5xx_hal_cortex.o
 .text.__NVIC_SetPriority
                0x080105e8       0x54 ./Drivers/STM32U5xx_HAL_Driver/stm32u5xx_hal_cortex.o
 .text.NVIC_EncodePriority
                0x0801063c       0x66 ./Drivers/STM32U5xx_HAL_Driver/stm32u5xx_hal_cortex.o
 .text.HAL_NVIC_SetPriorityGrouping
                0x080106a2       0x16 ./Drivers/STM32U5xx_HAL_Driver/stm32u5xx_hal_cortex.o
                0x080106a2                HAL_NVIC_SetPriorityGrouping
 .text.HAL_NVIC_SetPriority
                0x080106b8       0x34 ./Drivers/STM32U5xx_HAL_Driver/stm32u5xx_hal_cortex.o
                0x080106b8                HAL_NVIC_SetPriority
 .text.HAL_SYSTICK_Config
                0x080106ec       0x44 ./Drivers/STM32U5xx_HAL_Driver/stm32u5xx_hal_cortex.o
                0x080106ec                HAL_SYSTICK_Config
 .text.HAL_SYSTICK_CLKSourceConfig
                0x08010730       0xb0 ./Drivers/STM32U5xx_HAL_Driver/stm32u5xx_hal_cortex.o
                0x08010730                HAL_SYSTICK_CLKSourceConfig
 .text.HAL_SYSTICK_GetCLKSourceConfig
                0x080107e0       0x74 ./Drivers/STM32U5xx_HAL_Driver/stm32u5xx_hal_cortex.o
                0x080107e0                HAL_SYSTICK_GetCLKSourceConfig
 .text.HAL_PWREx_ControlVoltageScaling
                0x08010854       0xfc ./Drivers/STM32U5xx_HAL_Driver/stm32u5xx_hal_pwr_ex.o
                0x08010854                HAL_PWREx_ControlVoltageScaling
 .text.HAL_PWREx_GetVoltageRange
                0x08010950       0x1c ./Drivers/STM32U5xx_HAL_Driver/stm32u5xx_hal_pwr_ex.o
                0x08010950                HAL_PWREx_GetVoltageRange
 .text.HAL_RCC_OscConfig
                0x0801096c      0xdb8 ./Drivers/STM32U5xx_HAL_Driver/stm32u5xx_hal_rcc.o
                0x0801096c                HAL_RCC_OscConfig
 .text.HAL_RCC_ClockConfig
                0x08011724      0x3e4 ./Drivers/STM32U5xx_HAL_Driver/stm32u5xx_hal_rcc.o
                0x08011724                HAL_RCC_ClockConfig
 .text.HAL_RCC_GetSysClockFreq
                0x08011b08      0x204 ./Drivers/STM32U5xx_HAL_Driver/stm32u5xx_hal_rcc.o
                0x08011b08                HAL_RCC_GetSysClockFreq
 .text.HAL_RCC_GetHCLKFreq
                0x08011d0c       0x34 ./Drivers/STM32U5xx_HAL_Driver/stm32u5xx_hal_rcc.o
                0x08011d0c                HAL_RCC_GetHCLKFreq
 .text.RCC_SetFlashLatencyFromMSIRange
                0x08011d40      0x10c ./Drivers/STM32U5xx_HAL_Driver/stm32u5xx_hal_rcc.o
 .text.memset   0x08011e4c       0x10 C:/ST/STM32CubeIDE_1.19.0/STM32CubeIDE/plugins/com.st.stm32cube.ide.mcu.externaltools.gnu-tools-for-stm32.13.3.rel1.win32_1.0.0.202411081344/tools/bin/../lib/gcc/arm-none-eabi/13.3.1/../../../../arm-none-eabi/lib/thumb/v8-m.main+fp/hard\libc_nano.a(libc_a-memset.o)
                0x08011e4c                memset
 .text.__libc_init_array
                0x08011e5c       0x48 C:/ST/STM32CubeIDE_1.19.0/STM32CubeIDE/plugins/com.st.stm32cube.ide.mcu.externaltools.gnu-tools-for-stm32.13.3.rel1.win32_1.0.0.202411081344/tools/bin/../lib/gcc/arm-none-eabi/13.3.1/../../../../arm-none-eabi/lib/thumb/v8-m.main+fp/hard\libc_nano.a(libc_a-init.o)
                0x08011e5c                __libc_init_array
 *(.glue_7)
 .glue_7        0x08011ea4        0x0 linker stubs
 *(.glue_7t)
 .glue_7t       0x08011ea4        0x0 linker stubs
 *(.eh_frame)
 .eh_frame      0x08011ea4        0x0 C:/ST/STM32CubeIDE_1.19.0/STM32CubeIDE/plugins/com.st.stm32cube.ide.mcu.externaltools.gnu-tools-for-stm32.13.3.rel1.win32_1.0.0.202411081344/tools/bin/../lib/gcc/arm-none-eabi/13.3.1/thumb/v8-m.main+fp/hard/crtbegin.o
 *(.init)
 .init          0x08011ea4        0x4 C:/ST/STM32CubeIDE_1.19.0/STM32CubeIDE/plugins/com.st.stm32cube.ide.mcu.externaltools.gnu-tools-for-stm32.13.3.rel1.win32_1.0.0.202411081344/tools/bin/../lib/gcc/arm-none-eabi/13.3.1/thumb/v8-m.main+fp/hard/crti.o
                0x08011ea4                _init
 .init          0x08011ea8        0x8 C:/ST/STM32CubeIDE_1.19.0/STM32CubeIDE/plugins/com.st.stm32cube.ide.mcu.externaltools.gnu-tools-for-stm32.13.3.rel1.win32_1.0.0.202411081344/tools/bin/../lib/gcc/arm-none-eabi/13.3.1/thumb/v8-m.main+fp/hard/crtn.o
 *(.fini)
 .fini          0x08011eb0        0x4 C:/ST/STM32CubeIDE_1.19.0/STM32CubeIDE/plugins/com.st.stm32cube.ide.mcu.externaltools.gnu-tools-for-stm32.13.3.rel1.win32_1.0.0.202411081344/tools/bin/../lib/gcc/arm-none-eabi/13.3.1/thumb/v8-m.main+fp/hard/crti.o
                0x08011eb0                _fini
 .fini          0x08011eb4        0x8 C:/ST/STM32CubeIDE_1.19.0/STM32CubeIDE/plugins/com.st.stm32cube.ide.mcu.externaltools.gnu-tools-for-stm32.13.3.rel1.win32_1.0.0.202411081344/tools/bin/../lib/gcc/arm-none-eabi/13.3.1/thumb/v8-m.main+fp/hard/crtn.o
 *fill*         0x08011ebc        0x4 
 .fini.__stub   0x08011ec0        0x8 linker stubs
                0x08011ed0                        . = ALIGN (0x10)
 *fill*         0x08011ec8        0x8 
                0x08011ed0                        _etext = .

.vfp11_veneer   0x08011ed0        0x0
 .vfp11_veneer  0x08011ed0        0x0 linker stubs

.v4_bx          0x08011ed0        0x0
 .v4_bx         0x08011ed0        0x0 linker stubs

.iplt           0x08011ed0        0x0
 .iplt          0x08011ed0        0x0 C:/ST/STM32CubeIDE_1.19.0/STM32CubeIDE/plugins/com.st.stm32cube.ide.mcu.externaltools.gnu-tools-for-stm32.13.3.rel1.win32_1.0.0.202411081344/tools/bin/../lib/gcc/arm-none-eabi/13.3.1/thumb/v8-m.main+fp/hard/crtbegin.o

.rodata         0x08011ed0       0x50
 *(.rodata)
 *(.rodata*)
 .rodata.AHBPrescTable
                0x08011ed0       0x10 ./Core/Src/system_stm32u5xx_ns.o
                0x08011ed0                AHBPrescTable
 .rodata.MSIRangeTable
                0x08011ee0       0x40 ./Core/Src/system_stm32u5xx_ns.o
                0x08011ee0                MSIRangeTable
                0x08011f20                        . = ALIGN (0x10)

.ARM.extab
 *(.ARM.extab* .gnu.linkonce.armextab.*)

.ARM            0x08011f20        0x0
                0x08011f20                        __exidx_start = .
 *(.ARM.exidx*)
                0x08011f20                        __exidx_end = .

.preinit_array  0x08011f20        0x0
                0x08011f20                        PROVIDE (__preinit_array_start = .)
 *(.preinit_array*)
                0x08011f20                        PROVIDE (__preinit_array_end = .)

.init_array     0x08011f20        0x4
                0x08011f20                        PROVIDE (__init_array_start = .)
 *(SORT_BY_NAME(.init_array.*))
 *(.init_array*)
 .init_array    0x08011f20        0x4 C:/ST/STM32CubeIDE_1.19.0/STM32CubeIDE/plugins/com.st.stm32cube.ide.mcu.externaltools.gnu-tools-for-stm32.13.3.rel1.win32_1.0.0.202411081344/tools/bin/../lib/gcc/arm-none-eabi/13.3.1/thumb/v8-m.main+fp/hard/crtbegin.o
                0x08011f24                        PROVIDE (__init_array_end = .)

.fini_array     0x08011f24        0x4
                [!provide]                        PROVIDE (__fini_array_start = .)
 *(SORT_BY_NAME(.fini_array.*))
 *(.fini_array*)
 .fini_array    0x08011f24        0x4 C:/ST/STM32CubeIDE_1.19.0/STM32CubeIDE/plugins/com.st.stm32cube.ide.mcu.externaltools.gnu-tools-for-stm32.13.3.rel1.win32_1.0.0.202411081344/tools/bin/../lib/gcc/arm-none-eabi/13.3.1/thumb/v8-m.main+fp/hard/crtbegin.o
                [!provide]                        PROVIDE (__fini_array_end = .)
                0x08011f28                        _sidata = LOADADDR (.data)

.rel.dyn        0x08011f28        0x0
 .rel.iplt      0x08011f28        0x0 C:/ST/STM32CubeIDE_1.19.0/STM32CubeIDE/plugins/com.st.stm32cube.ide.mcu.externaltools.gnu-tools-for-stm32.13.3.rel1.win32_1.0.0.202411081344/tools/bin/../lib/gcc/arm-none-eabi/13.3.1/thumb/v8-m.main+fp/hard/crtbegin.o

.data           0x20030000       0x10 load address 0x08011f28
                0x20030000                        _sdata = .
 *(.data)
 *(.data*)
 .data.SystemCoreClock
                0x20030000        0x4 ./Core/Src/system_stm32u5xx_ns.o
                0x20030000                SystemCoreClock
 .data.uwTickPrio
                0x20030004        0x4 ./Drivers/STM32U5xx_HAL_Driver/stm32u5xx_hal.o
                0x20030004                uwTickPrio
 .data.uwTickFreq
                0x20030008        0x1 ./Drivers/STM32U5xx_HAL_Driver/stm32u5xx_hal.o
                0x20030008                uwTickFreq
 *(.RamFunc)
 *(.RamFunc*)
                0x20030010                        . = ALIGN (0x10)
 *fill*         0x20030009        0x7 
                0x20030010                        _edata = .

.igot.plt       0x20030010        0x0 load address 0x08011f38
 .igot.plt      0x20030010        0x0 C:/ST/STM32CubeIDE_1.19.0/STM32CubeIDE/plugins/com.st.stm32cube.ide.mcu.externaltools.gnu-tools-for-stm32.13.3.rel1.win32_1.0.0.202411081344/tools/bin/../lib/gcc/arm-none-eabi/13.3.1/thumb/v8-m.main+fp/hard/crtbegin.o

.bss            0x20030010       0x20 load address 0x08011f38
                0x20030010                        _sbss = .
                0x20030010                        __bss_start__ = _sbss
 *(.bss)
 .bss           0x20030010       0x1c C:/ST/STM32CubeIDE_1.19.0/STM32CubeIDE/plugins/com.st.stm32cube.ide.mcu.externaltools.gnu-tools-for-stm32.13.3.rel1.win32_1.0.0.202411081344/tools/bin/../lib/gcc/arm-none-eabi/13.3.1/thumb/v8-m.main+fp/hard/crtbegin.o
 *(.bss*)
 .bss.uwTick    0x2003002c        0x4 ./Drivers/STM32U5xx_HAL_Driver/stm32u5xx_hal.o
                0x2003002c                uwTick
 *(COMMON)
                0x20030030                        _ebss = .
                0x20030030                        __bss_end__ = _ebss

._user_heap_stack
                0x20030030      0x600 load address 0x08011f38
                0x20030030                        . = ALIGN (0x8)
                [!provide]                        PROVIDE (end = .)
                0x20030030                        PROVIDE (_end = .)
                0x20030230                        . = (. + _Min_Heap_Size)
 *fill*         0x20030030      0x200 
                0x20030630                        . = (. + _Min_Stack_Size)
 *fill*         0x20030230      0x400 
                0x20030630                        . = ALIGN (0x8)

/DISCARD/
 libc.a(*)
 libm.a(*)
 libgcc.a(*)

.ARM.attributes
                0x00000000       0x36
 *(.ARM.attributes)
 .ARM.attributes
                0x00000000       0x26 C:/ST/STM32CubeIDE_1.19.0/STM32CubeIDE/plugins/com.st.stm32cube.ide.mcu.externaltools.gnu-tools-for-stm32.13.3.rel1.win32_1.0.0.202411081344/tools/bin/../lib/gcc/arm-none-eabi/13.3.1/thumb/v8-m.main+fp/hard/crti.o
 .ARM.attributes
                0x00000026       0x38 C:/ST/STM32CubeIDE_1.19.0/STM32CubeIDE/plugins/com.st.stm32cube.ide.mcu.externaltools.gnu-tools-for-stm32.13.3.rel1.win32_1.0.0.202411081344/tools/bin/../lib/gcc/arm-none-eabi/13.3.1/thumb/v8-m.main+fp/hard/crtbegin.o
 .ARM.attributes
                0x0000005e       0x3a ./Core/Src/main.o
 .ARM.attributes
                0x00000098       0x3a ./Core/Src/stm32u5xx_hal_msp.o
 .ARM.attributes
                0x000000d2       0x3a ./Core/Src/stm32u5xx_it.o
 .ARM.attributes
                0x0000010c       0x3a ./Core/Src/system_stm32u5xx_ns.o
 .ARM.attributes
                0x00000146       0x24 ./Core/Startup/startup_stm32u535cbtx.o
 .ARM.attributes
                0x0000016a       0x3a ./Drivers/STM32U5xx_HAL_Driver/stm32u5xx_hal.o
 .ARM.attributes
                0x000001a4       0x3a ./Drivers/STM32U5xx_HAL_Driver/stm32u5xx_hal_cortex.o
 .ARM.attributes
                0x000001de       0x3a ./Drivers/STM32U5xx_HAL_Driver/stm32u5xx_hal_pwr_ex.o
 .ARM.attributes
                0x00000218       0x3a ./Drivers/STM32U5xx_HAL_Driver/stm32u5xx_hal_rcc.o
 .ARM.attributes
                0x00000252       0x38 C:/ST/STM32CubeIDE_1.19.0/STM32CubeIDE/plugins/com.st.stm32cube.ide.mcu.externaltools.gnu-tools-for-stm32.13.3.rel1.win32_1.0.0.202411081344/tools/bin/../lib/gcc/arm-none-eabi/13.3.1/../../../../arm-none-eabi/lib/thumb/v8-m.main+fp/hard\libc_nano.a(libc_a-memset.o)
 .ARM.attributes
                0x0000028a       0x38 C:/ST/STM32CubeIDE_1.19.0/STM32CubeIDE/plugins/com.st.stm32cube.ide.mcu.externaltools.gnu-tools-for-stm32.13.3.rel1.win32_1.0.0.202411081344/tools/bin/../lib/gcc/arm-none-eabi/13.3.1/../../../../arm-none-eabi/lib/thumb/v8-m.main+fp/hard\libc_nano.a(libc_a-init.o)
 .ARM.attributes
                0x000002c2       0x26 C:/ST/STM32CubeIDE_1.19.0/STM32CubeIDE/plugins/com.st.stm32cube.ide.mcu.externaltools.gnu-tools-for-stm32.13.3.rel1.win32_1.0.0.202411081344/tools/bin/../lib/gcc/arm-none-eabi/13.3.1/thumb/v8-m.main+fp/hard/crtn.o
OUTPUT(NonSecure.elf elf32-littlearm)
LOAD linker stubs
LOAD C:/ST/STM32CubeIDE_1.19.0/STM32CubeIDE/plugins/com.st.stm32cube.ide.mcu.externaltools.gnu-tools-for-stm32.13.3.rel1.win32_1.0.0.202411081344/tools/bin/../lib/gcc/arm-none-eabi/13.3.1/../../../../arm-none-eabi/lib/thumb/v8-m.main+fp/hard\libc.a
LOAD C:/ST/STM32CubeIDE_1.19.0/STM32CubeIDE/plugins/com.st.stm32cube.ide.mcu.externaltools.gnu-tools-for-stm32.13.3.rel1.win32_1.0.0.202411081344/tools/bin/../lib/gcc/arm-none-eabi/13.3.1/../../../../arm-none-eabi/lib/thumb/v8-m.main+fp/hard\libm.a
LOAD C:/ST/STM32CubeIDE_1.19.0/STM32CubeIDE/plugins/com.st.stm32cube.ide.mcu.externaltools.gnu-tools-for-stm32.13.3.rel1.win32_1.0.0.202411081344/tools/bin/../lib/gcc/arm-none-eabi/13.3.1/thumb/v8-m.main+fp/hard\libgcc.a

.debug_info     0x00000000     0x5039
 .debug_info    0x00000000      0x35a ./Core/Src/main.o
 .debug_info    0x0000035a      0x40c ./Core/Src/stm32u5xx_hal_msp.o
 .debug_info    0x00000766       0xe8 ./Core/Src/stm32u5xx_it.o
 .debug_info    0x0000084e      0x196 ./Core/Src/system_stm32u5xx_ns.o
 .debug_info    0x000009e4       0x30 ./Core/Startup/startup_stm32u535cbtx.o
 .debug_info    0x00000a14     0x1104 ./Drivers/STM32U5xx_HAL_Driver/stm32u5xx_hal.o
 .debug_info    0x00001b18     0x15f8 ./Drivers/STM32U5xx_HAL_Driver/stm32u5xx_hal_cortex.o
 .debug_info    0x00003110      0xddc ./Drivers/STM32U5xx_HAL_Driver/stm32u5xx_hal_pwr_ex.o
 .debug_info    0x00003eec     0x114d ./Drivers/STM32U5xx_HAL_Driver/stm32u5xx_hal_rcc.o

.debug_abbrev   0x00000000      0xe30
 .debug_abbrev  0x00000000      0x16a ./Core/Src/main.o
 .debug_abbrev  0x0000016a       0xde ./Core/Src/stm32u5xx_hal_msp.o
 .debug_abbrev  0x00000248       0x73 ./Core/Src/stm32u5xx_it.o
 .debug_abbrev  0x000002bb       0xbf ./Core/Src/system_stm32u5xx_ns.o
 .debug_abbrev  0x0000037a       0x24 ./Core/Startup/startup_stm32u535cbtx.o
 .debug_abbrev  0x0000039e      0x2a3 ./Drivers/STM32U5xx_HAL_Driver/stm32u5xx_hal.o
 .debug_abbrev  0x00000641      0x311 ./Drivers/STM32U5xx_HAL_Driver/stm32u5xx_hal_cortex.o
 .debug_abbrev  0x00000952      0x215 ./Drivers/STM32U5xx_HAL_Driver/stm32u5xx_hal_pwr_ex.o
 .debug_abbrev  0x00000b67      0x2c9 ./Drivers/STM32U5xx_HAL_Driver/stm32u5xx_hal_rcc.o

.debug_aranges  0x00000000      0x5f0
 .debug_aranges
                0x00000000       0x30 ./Core/Src/main.o
 .debug_aranges
                0x00000030       0x20 ./Core/Src/stm32u5xx_hal_msp.o
 .debug_aranges
                0x00000050       0x40 ./Core/Src/stm32u5xx_it.o
 .debug_aranges
                0x00000090       0x28 ./Core/Src/system_stm32u5xx_ns.o
 .debug_aranges
                0x000000b8       0x28 ./Core/Startup/startup_stm32u535cbtx.o
 .debug_aranges
                0x000000e0      0x148 ./Drivers/STM32U5xx_HAL_Driver/stm32u5xx_hal.o
 .debug_aranges
                0x00000228      0x140 ./Drivers/STM32U5xx_HAL_Driver/stm32u5xx_hal_cortex.o
 .debug_aranges
                0x00000368      0x1e0 ./Drivers/STM32U5xx_HAL_Driver/stm32u5xx_hal_pwr_ex.o
 .debug_aranges
                0x00000548       0xa8 ./Drivers/STM32U5xx_HAL_Driver/stm32u5xx_hal_rcc.o

.debug_rnglists
                0x00000000      0x45c
 .debug_rnglists
                0x00000000       0x20 ./Core/Src/main.o
 .debug_rnglists
                0x00000020       0x13 ./Core/Src/stm32u5xx_hal_msp.o
 .debug_rnglists
                0x00000033       0x2b ./Core/Src/stm32u5xx_it.o
 .debug_rnglists
                0x0000005e       0x19 ./Core/Src/system_stm32u5xx_ns.o
 .debug_rnglists
                0x00000077       0x19 ./Core/Startup/startup_stm32u535cbtx.o
 .debug_rnglists
                0x00000090       0xf3 ./Drivers/STM32U5xx_HAL_Driver/stm32u5xx_hal.o
 .debug_rnglists
                0x00000183       0xec ./Drivers/STM32U5xx_HAL_Driver/stm32u5xx_hal_cortex.o
 .debug_rnglists
                0x0000026f      0x16e ./Drivers/STM32U5xx_HAL_Driver/stm32u5xx_hal_pwr_ex.o
 .debug_rnglists
                0x000003dd       0x7f ./Drivers/STM32U5xx_HAL_Driver/stm32u5xx_hal_rcc.o

.debug_macro    0x00000000    0x299e8
 .debug_macro   0x00000000      0x25a ./Core/Src/main.o
 .debug_macro   0x0000025a      0xade ./Core/Src/main.o
 .debug_macro   0x00000d38      0x1ef ./Core/Src/main.o
 .debug_macro   0x00000f27       0x2e ./Core/Src/main.o
 .debug_macro   0x00000f55       0x42 ./Core/Src/main.o
 .debug_macro   0x00000f97       0x22 ./Core/Src/main.o
 .debug_macro   0x00000fb9       0x8e ./Core/Src/main.o
 .debug_macro   0x00001047       0x51 ./Core/Src/main.o
 .debug_macro   0x00001098      0x103 ./Core/Src/main.o
 .debug_macro   0x0000119b       0x6a ./Core/Src/main.o
 .debug_macro   0x00001205      0x1df ./Core/Src/main.o
 .debug_macro   0x000013e4       0x1c ./Core/Src/main.o
 .debug_macro   0x00001400       0x29 ./Core/Src/main.o
 .debug_macro   0x00001429       0xfb ./Core/Src/main.o
 .debug_macro   0x00001524     0x1685 ./Core/Src/main.o
 .debug_macro   0x00002ba9       0x5e ./Core/Src/main.o
 .debug_macro   0x00002c07    0x1d36b ./Core/Src/main.o
 .debug_macro   0x0001ff72       0x6d ./Core/Src/main.o
 .debug_macro   0x0001ffdf     0x393e ./Core/Src/main.o
 .debug_macro   0x0002391d      0x190 ./Core/Src/main.o
 .debug_macro   0x00023aad       0x61 ./Core/Src/main.o
 .debug_macro   0x00023b0e       0x2a ./Core/Src/main.o
 .debug_macro   0x00023b38       0x43 ./Core/Src/main.o
 .debug_macro   0x00023b7b       0x34 ./Core/Src/main.o
 .debug_macro   0x00023baf      0x370 ./Core/Src/main.o
 .debug_macro   0x00023f1f       0x16 ./Core/Src/main.o
 .debug_macro   0x00023f35       0x4a ./Core/Src/main.o
 .debug_macro   0x00023f7f       0x34 ./Core/Src/main.o
 .debug_macro   0x00023fb3       0x10 ./Core/Src/main.o
 .debug_macro   0x00023fc3       0x58 ./Core/Src/main.o
 .debug_macro   0x0002401b       0x8e ./Core/Src/main.o
 .debug_macro   0x000240a9       0x1c ./Core/Src/main.o
 .debug_macro   0x000240c5      0x185 ./Core/Src/main.o
 .debug_macro   0x0002424a      0x19b ./Core/Src/main.o
 .debug_macro   0x000243e5       0x5d ./Core/Src/main.o
 .debug_macro   0x00024442     0x1853 ./Core/Src/main.o
 .debug_macro   0x00025c95      0x773 ./Core/Src/main.o
 .debug_macro   0x00026408      0x166 ./Core/Src/main.o
 .debug_macro   0x0002656e      0x250 ./Core/Src/main.o
 .debug_macro   0x000267be      0x574 ./Core/Src/main.o
 .debug_macro   0x00026d32      0x440 ./Core/Src/main.o
 .debug_macro   0x00027172       0xd6 ./Core/Src/main.o
 .debug_macro   0x00027248      0x1cd ./Core/Src/main.o
 .debug_macro   0x00027415      0x42b ./Core/Src/main.o
 .debug_macro   0x00027840       0x95 ./Core/Src/main.o
 .debug_macro   0x000278d5      0x11c ./Core/Src/main.o
 .debug_macro   0x000279f1      0x525 ./Core/Src/main.o
 .debug_macro   0x00027f16      0x448 ./Core/Src/main.o
 .debug_macro   0x0002835e      0x1b8 ./Core/Src/main.o
 .debug_macro   0x00028516      0x361 ./Core/Src/main.o
 .debug_macro   0x00028877      0x25a ./Core/Src/stm32u5xx_hal_msp.o
 .debug_macro   0x00028ad1      0x264 ./Core/Src/stm32u5xx_it.o
 .debug_macro   0x00028d35      0x246 ./Core/Src/system_stm32u5xx_ns.o
 .debug_macro   0x00028f7b      0x26a ./Drivers/STM32U5xx_HAL_Driver/stm32u5xx_hal.o
 .debug_macro   0x000291e5      0x246 ./Drivers/STM32U5xx_HAL_Driver/stm32u5xx_hal_cortex.o
 .debug_macro   0x0002942b      0x271 ./Drivers/STM32U5xx_HAL_Driver/stm32u5xx_hal_pwr_ex.o
 .debug_macro   0x0002969c      0x34c ./Drivers/STM32U5xx_HAL_Driver/stm32u5xx_hal_rcc.o

.debug_line     0x00000000     0x661a
 .debug_line    0x00000000      0x8c3 ./Core/Src/main.o
 .debug_line    0x000008c3      0x845 ./Core/Src/stm32u5xx_hal_msp.o
 .debug_line    0x00001108      0x8a3 ./Core/Src/stm32u5xx_it.o
 .debug_line    0x000019ab      0x834 ./Core/Src/system_stm32u5xx_ns.o
 .debug_line    0x000021df       0x7b ./Core/Startup/startup_stm32u535cbtx.o
 .debug_line    0x0000225a      0xcfc ./Drivers/STM32U5xx_HAL_Driver/stm32u5xx_hal.o
 .debug_line    0x00002f56      0xea6 ./Drivers/STM32U5xx_HAL_Driver/stm32u5xx_hal_cortex.o
 .debug_line    0x00003dfc     0x113b ./Drivers/STM32U5xx_HAL_Driver/stm32u5xx_hal_pwr_ex.o
 .debug_line    0x00004f37     0x16e3 ./Drivers/STM32U5xx_HAL_Driver/stm32u5xx_hal_rcc.o

.debug_str      0x00000000   0x107e14
 .debug_str     0x00000000   0x107e14 ./Core/Src/main.o
                             0x105697 (size before relaxing)
 .debug_str     0x00107e14   0x105684 ./Core/Src/stm32u5xx_hal_msp.o
 .debug_str     0x00107e14   0x105491 ./Core/Src/stm32u5xx_it.o
 .debug_str     0x00107e14   0x1054b0 ./Core/Src/system_stm32u5xx_ns.o
 .debug_str     0x00107e14       0x88 ./Core/Startup/startup_stm32u535cbtx.o
 .debug_str     0x00107e14   0x1065c0 ./Drivers/STM32U5xx_HAL_Driver/stm32u5xx_hal.o
 .debug_str     0x00107e14   0x106401 ./Drivers/STM32U5xx_HAL_Driver/stm32u5xx_hal_cortex.o
 .debug_str     0x00107e14   0x105eea ./Drivers/STM32U5xx_HAL_Driver/stm32u5xx_hal_pwr_ex.o
 .debug_str     0x00107e14   0x106eaf ./Drivers/STM32U5xx_HAL_Driver/stm32u5xx_hal_rcc.o

.comment        0x00000000       0x43
 .comment       0x00000000       0x43 ./Core/Src/main.o
                                 0x44 (size before relaxing)
 .comment       0x00000043       0x44 ./Core/Src/stm32u5xx_hal_msp.o
 .comment       0x00000043       0x44 ./Core/Src/stm32u5xx_it.o
 .comment       0x00000043       0x44 ./Core/Src/system_stm32u5xx_ns.o
 .comment       0x00000043       0x44 ./Drivers/STM32U5xx_HAL_Driver/stm32u5xx_hal.o
 .comment       0x00000043       0x44 ./Drivers/STM32U5xx_HAL_Driver/stm32u5xx_hal_cortex.o
 .comment       0x00000043       0x44 ./Drivers/STM32U5xx_HAL_Driver/stm32u5xx_hal_pwr_ex.o
 .comment       0x00000043       0x44 ./Drivers/STM32U5xx_HAL_Driver/stm32u5xx_hal_rcc.o

.debug_frame    0x00000000     0x168c
 .debug_frame   0x00000000       0x6c ./Core/Src/main.o
 .debug_frame   0x0000006c       0x38 ./Core/Src/stm32u5xx_hal_msp.o
 .debug_frame   0x000000a4       0x9c ./Core/Src/stm32u5xx_it.o
 .debug_frame   0x00000140       0x4c ./Core/Src/system_stm32u5xx_ns.o
 .debug_frame   0x0000018c      0x500 ./Drivers/STM32U5xx_HAL_Driver/stm32u5xx_hal.o
 .debug_frame   0x0000068c      0x560 ./Drivers/STM32U5xx_HAL_Driver/stm32u5xx_hal_cortex.o
 .debug_frame   0x00000bec      0x7cc ./Drivers/STM32U5xx_HAL_Driver/stm32u5xx_hal_pwr_ex.o
 .debug_frame   0x000013b8      0x288 ./Drivers/STM32U5xx_HAL_Driver/stm32u5xx_hal_rcc.o
 .debug_frame   0x00001640       0x20 C:/ST/STM32CubeIDE_1.19.0/STM32CubeIDE/plugins/com.st.stm32cube.ide.mcu.externaltools.gnu-tools-for-stm32.13.3.rel1.win32_1.0.0.202411081344/tools/bin/../lib/gcc/arm-none-eabi/13.3.1/../../../../arm-none-eabi/lib/thumb/v8-m.main+fp/hard\libc_nano.a(libc_a-memset.o)
 .debug_frame   0x00001660       0x2c C:/ST/STM32CubeIDE_1.19.0/STM32CubeIDE/plugins/com.st.stm32cube.ide.mcu.externaltools.gnu-tools-for-stm32.13.3.rel1.win32_1.0.0.202411081344/tools/bin/../lib/gcc/arm-none-eabi/13.3.1/../../../../arm-none-eabi/lib/thumb/v8-m.main+fp/hard\libc_nano.a(libc_a-init.o)

.debug_line_str
                0x00000000       0x6c
 .debug_line_str
                0x00000000       0x6c ./Core/Startup/startup_stm32u535cbtx.o
