Archive member included to satisfy reference by file (symbol)

C:/ST/STM32CubeIDE_1.19.0/STM32CubeIDE/plugins/com.st.stm32cube.ide.mcu.externaltools.gnu-tools-for-stm32.13.3.rel1.win32_1.0.0.202411081344/tools/bin/../lib/gcc/arm-none-eabi/13.3.1/../../../../arm-none-eabi/lib/thumb/v8-m.main+fp/hard\libc_nano.a(libc_a-exit.o)
                              C:/ST/STM32CubeIDE_1.19.0/STM32CubeIDE/plugins/com.st.stm32cube.ide.mcu.externaltools.gnu-tools-for-stm32.13.3.rel1.win32_1.0.0.202411081344/tools/bin/../lib/gcc/arm-none-eabi/13.3.1/../../../../arm-none-eabi/lib/thumb/v8-m.main+fp/hard/crt0.o (exit)
C:/ST/STM32CubeIDE_1.19.0/STM32CubeIDE/plugins/com.st.stm32cube.ide.mcu.externaltools.gnu-tools-for-stm32.13.3.rel1.win32_1.0.0.202411081344/tools/bin/../lib/gcc/arm-none-eabi/13.3.1/../../../../arm-none-eabi/lib/thumb/v8-m.main+fp/hard\libc_nano.a(libc_a-findfp.o)
                              C:/ST/STM32CubeIDE_1.19.0/STM32CubeIDE/plugins/com.st.stm32cube.ide.mcu.externaltools.gnu-tools-for-stm32.13.3.rel1.win32_1.0.0.202411081344/tools/bin/../lib/gcc/arm-none-eabi/13.3.1/../../../../arm-none-eabi/lib/thumb/v8-m.main+fp/hard\libc_nano.a(libc_a-exit.o) (__stdio_exit_handler)
C:/ST/STM32CubeIDE_1.19.0/STM32CubeIDE/plugins/com.st.stm32cube.ide.mcu.externaltools.gnu-tools-for-stm32.13.3.rel1.win32_1.0.0.202411081344/tools/bin/../lib/gcc/arm-none-eabi/13.3.1/../../../../arm-none-eabi/lib/thumb/v8-m.main+fp/hard\libc_nano.a(libc_a-fwalk.o)
                              C:/ST/STM32CubeIDE_1.19.0/STM32CubeIDE/plugins/com.st.stm32cube.ide.mcu.externaltools.gnu-tools-for-stm32.13.3.rel1.win32_1.0.0.202411081344/tools/bin/../lib/gcc/arm-none-eabi/13.3.1/../../../../arm-none-eabi/lib/thumb/v8-m.main+fp/hard\libc_nano.a(libc_a-findfp.o) (_fwalk_sglue)
C:/ST/STM32CubeIDE_1.19.0/STM32CubeIDE/plugins/com.st.stm32cube.ide.mcu.externaltools.gnu-tools-for-stm32.13.3.rel1.win32_1.0.0.202411081344/tools/bin/../lib/gcc/arm-none-eabi/13.3.1/../../../../arm-none-eabi/lib/thumb/v8-m.main+fp/hard\libc_nano.a(libc_a-stdio.o)
                              C:/ST/STM32CubeIDE_1.19.0/STM32CubeIDE/plugins/com.st.stm32cube.ide.mcu.externaltools.gnu-tools-for-stm32.13.3.rel1.win32_1.0.0.202411081344/tools/bin/../lib/gcc/arm-none-eabi/13.3.1/../../../../arm-none-eabi/lib/thumb/v8-m.main+fp/hard\libc_nano.a(libc_a-findfp.o) (__sread)
C:/ST/STM32CubeIDE_1.19.0/STM32CubeIDE/plugins/com.st.stm32cube.ide.mcu.externaltools.gnu-tools-for-stm32.13.3.rel1.win32_1.0.0.202411081344/tools/bin/../lib/gcc/arm-none-eabi/13.3.1/../../../../arm-none-eabi/lib/thumb/v8-m.main+fp/hard\libc_nano.a(libc_a-memset.o)
                              C:/ST/STM32CubeIDE_1.19.0/STM32CubeIDE/plugins/com.st.stm32cube.ide.mcu.externaltools.gnu-tools-for-stm32.13.3.rel1.win32_1.0.0.202411081344/tools/bin/../lib/gcc/arm-none-eabi/13.3.1/../../../../arm-none-eabi/lib/thumb/v8-m.main+fp/hard/crt0.o (memset)
C:/ST/STM32CubeIDE_1.19.0/STM32CubeIDE/plugins/com.st.stm32cube.ide.mcu.externaltools.gnu-tools-for-stm32.13.3.rel1.win32_1.0.0.202411081344/tools/bin/../lib/gcc/arm-none-eabi/13.3.1/../../../../arm-none-eabi/lib/thumb/v8-m.main+fp/hard\libc_nano.a(libc_a-closer.o)
                              C:/ST/STM32CubeIDE_1.19.0/STM32CubeIDE/plugins/com.st.stm32cube.ide.mcu.externaltools.gnu-tools-for-stm32.13.3.rel1.win32_1.0.0.202411081344/tools/bin/../lib/gcc/arm-none-eabi/13.3.1/../../../../arm-none-eabi/lib/thumb/v8-m.main+fp/hard\libc_nano.a(libc_a-stdio.o) (_close_r)
C:/ST/STM32CubeIDE_1.19.0/STM32CubeIDE/plugins/com.st.stm32cube.ide.mcu.externaltools.gnu-tools-for-stm32.13.3.rel1.win32_1.0.0.202411081344/tools/bin/../lib/gcc/arm-none-eabi/13.3.1/../../../../arm-none-eabi/lib/thumb/v8-m.main+fp/hard\libc_nano.a(libc_a-reent.o)
                              C:/ST/STM32CubeIDE_1.19.0/STM32CubeIDE/plugins/com.st.stm32cube.ide.mcu.externaltools.gnu-tools-for-stm32.13.3.rel1.win32_1.0.0.202411081344/tools/bin/../lib/gcc/arm-none-eabi/13.3.1/../../../../arm-none-eabi/lib/thumb/v8-m.main+fp/hard\libc_nano.a(libc_a-closer.o) (errno)
C:/ST/STM32CubeIDE_1.19.0/STM32CubeIDE/plugins/com.st.stm32cube.ide.mcu.externaltools.gnu-tools-for-stm32.13.3.rel1.win32_1.0.0.202411081344/tools/bin/../lib/gcc/arm-none-eabi/13.3.1/../../../../arm-none-eabi/lib/thumb/v8-m.main+fp/hard\libc_nano.a(libc_a-impure.o)
                              C:/ST/STM32CubeIDE_1.19.0/STM32CubeIDE/plugins/com.st.stm32cube.ide.mcu.externaltools.gnu-tools-for-stm32.13.3.rel1.win32_1.0.0.202411081344/tools/bin/../lib/gcc/arm-none-eabi/13.3.1/../../../../arm-none-eabi/lib/thumb/v8-m.main+fp/hard\libc_nano.a(libc_a-reent.o) (_impure_ptr)
C:/ST/STM32CubeIDE_1.19.0/STM32CubeIDE/plugins/com.st.stm32cube.ide.mcu.externaltools.gnu-tools-for-stm32.13.3.rel1.win32_1.0.0.202411081344/tools/bin/../lib/gcc/arm-none-eabi/13.3.1/../../../../arm-none-eabi/lib/thumb/v8-m.main+fp/hard\libc_nano.a(libc_a-lseekr.o)
[...]
Memory Configuration

Name             Origin             Length             Attributes
RAM              0x30000000         0x00030000         xrw
SRAM4            0x38000000         0x00004000         xrw
FLASH            0x0c000000         0x0000e000         xr
FLASH_NSC        0x0c00e000         0x00002000         xr
*default*        0x00000000         0xffffffff

Linker script and memory map

LOAD C:/ST/STM32CubeIDE_1.19.0/STM32CubeIDE/plugins/com.st.stm32cube.ide.mcu.externaltools.gnu-tools-for-stm32.13.3.rel1.win32_1.0.0.202411081344/tools/bin/../lib/gcc/arm-none-eabi/13.3.1/thumb/v8-m.main+fp/hard/crti.o
LOAD C:/ST/STM32CubeIDE_1.19.0/STM32CubeIDE/plugins/com.st.stm32cube.ide.mcu.externaltools.gnu-tools-for-stm32.13.3.rel1.win32_1.0.0.202411081344/tools/bin/../lib/gcc/arm-none-eabi/13.3.1/thumb/v8-m.main+fp/hard/crtbegin.o
LOAD C:/ST/STM32CubeIDE_1.19.0/STM32CubeIDE/plugins/com.st.stm32cube.ide.mcu.externaltools.gnu-tools-for-stm32.13.3.rel1.win32_1.0.0.202411081344/tools/bin/../lib/gcc/arm-none-eabi/13.3.1/../../../../arm-none-eabi/lib/thumb/v8-m.main+fp/hard/crt0.o
LOAD ./Core/Src/main.o
LOAD ./Core/Src/secure_nsc.o
LOAD ./Core/Src/stm32u5xx_hal_msp.o
LOAD ./Core/Src/stm32u5xx_it.o
LOAD ./Core/Src/syscalls.o
LOAD ./Core/Src/sysmem.o
LOAD ./Core/Src/system_stm32u5xx_s.o
LOAD ./Core/Startup/startup_stm32u535cbtx.o
LOAD ./Drivers/STM32U5xx_HAL_Driver/stm32u5xx_hal.o
LOAD ./Drivers/STM32U5xx_HAL_Driver/stm32u5xx_hal_cortex.o
LOAD ./Drivers/STM32U5xx_HAL_Driver/stm32u5xx_hal_dma.o
LOAD ./Drivers/STM32U5xx_HAL_Driver/stm32u5xx_hal_dma_ex.o
LOAD ./Drivers/STM32U5xx_HAL_Driver/stm32u5xx_hal_exti.o
LOAD ./Drivers/STM32U5xx_HAL_Driver/stm32u5xx_hal_flash.o
LOAD ./Drivers/STM32U5xx_HAL_Driver/stm32u5xx_hal_flash_ex.o
LOAD ./Drivers/STM32U5xx_HAL_Driver/stm32u5xx_hal_gpio.o
LOAD ./Drivers/STM32U5xx_HAL_Driver/stm32u5xx_hal_gtzc.o
LOAD ./Drivers/STM32U5xx_HAL_Driver/stm32u5xx_hal_i2c.o
LOAD ./Drivers/STM32U5xx_HAL_Driver/stm32u5xx_hal_i2c_ex.o
LOAD ./Drivers/STM32U5xx_HAL_Driver/stm32u5xx_hal_icache.o
LOAD ./Drivers/STM32U5xx_HAL_Driver/stm32u5xx_hal_pwr.o
LOAD ./Drivers/STM32U5xx_HAL_Driver/stm32u5xx_hal_pwr_ex.o
LOAD ./Drivers/STM32U5xx_HAL_Driver/stm32u5xx_hal_rcc.o
LOAD ./Drivers/STM32U5xx_HAL_Driver/stm32u5xx_hal_rcc_ex.o
START GROUP
LOAD C:/ST/STM32CubeIDE_1.19.0/STM32CubeIDE/plugins/com.st.stm32cube.ide.mcu.externaltools.gnu-tools-for-stm32.13.3.rel1.win32_1.0.0.202411081344/tools/bin/../lib/gcc/arm-none-eabi/13.3.1/../../../../arm-none-eabi/lib/thumb/v8-m.main+fp/hard\libc_nano.a
LOAD C:/ST/STM32CubeIDE_1.19.0/STM32CubeIDE/plugins/com.st.stm32cube.ide.mcu.externaltools.gnu-tools-for-stm32.13.3.rel1.win32_1.0.0.202411081344/tools/bin/../lib/gcc/arm-none-eabi/13.3.1/../../../../arm-none-eabi/lib/thumb/v8-m.main+fp/hard\libm.a
END GROUP
START GROUP
LOAD C:/ST/STM32CubeIDE_1.19.0/STM32CubeIDE/plugins/com.st.stm32cube.ide.mcu.externaltools.gnu-tools-for-stm32.13.3.rel1.win32_1.0.0.202411081344/tools/bin/../lib/gcc/arm-none-eabi/13.3.1/thumb/v8-m.main+fp/hard\libgcc.a
LOAD C:/ST/STM32CubeIDE_1.19.0/STM32CubeIDE/plugins/com.st.stm32cube.ide.mcu.externaltools.gnu-tools-for-stm32.13.3.rel1.win32_1.0.0.202411081344/tools/bin/../lib/gcc/arm-none-eabi/13.3.1/../../../../arm-none-eabi/lib/thumb/v8-m.main+fp/hard\libc_nano.a
END GROUP
START GROUP
LOAD C:/ST/STM32CubeIDE_1.19.0/STM32CubeIDE/plugins/com.st.stm32cube.ide.mcu.externaltools.gnu-tools-for-stm32.13.3.rel1.win32_1.0.0.202411081344/tools/bin/../lib/gcc/arm-none-eabi/13.3.1/thumb/v8-m.main+fp/hard\libgcc.a
LOAD C:/ST/STM32CubeIDE_1.19.0/STM32CubeIDE/plugins/com.st.stm32cube.ide.mcu.externaltools.gnu-tools-for-stm32.13.3.rel1.win32_1.0.0.202411081344/tools/bin/../lib/gcc/arm-none-eabi/13.3.1/../../../../arm-none-eabi/lib/thumb/v8-m.main+fp/hard\libc_nano.a
LOAD C:/ST/STM32CubeIDE_1.19.0/STM32CubeIDE/plugins/com.st.stm32cube.ide.mcu.externaltools.gnu-tools-for-stm32.13.3.rel1.win32_1.0.0.202411081344/tools/bin/../lib/gcc/arm-none-eabi/13.3.1/../../../../arm-none-eabi/lib/thumb/v8-m.main+fp/hard\libnosys.a
END GROUP
START GROUP
LOAD C:/ST/STM32CubeIDE_1.19.0/STM32CubeIDE/plugins/com.st.stm32cube.ide.mcu.externaltools.gnu-tools-for-stm32.13.3.rel1.win32_1.0.0.202411081344/tools/bin/../lib/gcc/arm-none-eabi/13.3.1/thumb/v8-m.main+fp/hard\libgcc.a
LOAD C:/ST/STM32CubeIDE_1.19.0/STM32CubeIDE/plugins/com.st.stm32cube.ide.mcu.externaltools.gnu-tools-for-stm32.13.3.rel1.win32_1.0.0.202411081344/tools/bin/../lib/gcc/arm-none-eabi/13.3.1/../../../../arm-none-eabi/lib/thumb/v8-m.main+fp/hard\libc_nano.a
LOAD C:/ST/STM32CubeIDE_1.19.0/STM32CubeIDE/plugins/com.st.stm32cube.ide.mcu.externaltools.gnu-tools-for-stm32.13.3.rel1.win32_1.0.0.202411081344/tools/bin/../lib/gcc/arm-none-eabi/13.3.1/../../../../arm-none-eabi/lib/thumb/v8-m.main+fp/hard\libnosys.a
END GROUP
LOAD C:/ST/STM32CubeIDE_1.19.0/STM32CubeIDE/plugins/com.st.stm32cube.ide.mcu.externaltools.gnu-tools-for-stm32.13.3.rel1.win32_1.0.0.202411081344/tools/bin/../lib/gcc/arm-none-eabi/13.3.1/thumb/v8-m.main+fp/hard/crtend.o
LOAD C:/ST/STM32CubeIDE_1.19.0/STM32CubeIDE/plugins/com.st.stm32cube.ide.mcu.externaltools.gnu-tools-for-stm32.13.3.rel1.win32_1.0.0.202411081344/tools/bin/../lib/gcc/arm-none-eabi/13.3.1/thumb/v8-m.main+fp/hard/crtn.o
                0x30030000                        _estack = (ORIGIN (RAM) + LENGTH (RAM))
                0x00000200                        _Min_Heap_Size = 0x200
                0x00000400                        _Min_Stack_Size = 0x400

.isr_vector     0x0c000000      0x238
 *(.isr_vector)
 .isr_vector    0x0c000000      0x238 ./Core/Startup/startup_stm32u535cbtx.o
                0x0c000000                g_pfnVectors

.text           0x0c000238     0x1060
 *(.text)
 .text          0x0c000238       0x40 C:/ST/STM32CubeIDE_1.19.0/STM32CubeIDE/plugins/com.st.stm32cube.ide.mcu.externaltools.gnu-tools-for-stm32.13.3.rel1.win32_1.0.0.202411081344/tools/bin/../lib/gcc/arm-none-eabi/13.3.1/thumb/v8-m.main+fp/hard/crtbegin.o
 .text          0x0c000278       0x5c C:/ST/STM32CubeIDE_1.19.0/STM32CubeIDE/plugins/com.st.stm32cube.ide.mcu.externaltools.gnu-tools-for-stm32.13.3.rel1.win32_1.0.0.202411081344/tools/bin/../lib/gcc/arm-none-eabi/13.3.1/thumb/v8-m.main+fp/hard\libgcc.a(cmse_nonsecure_call.o)
                0x0c000278                __gnu_cmse_nonsecure_call
 *(.text*)
 .text.main     0x0c0002d4       0x14 ./Core/Src/main.o
                0x0c0002d4                main
 .text.NonSecure_Init
                0x0c0002e8       0x88 ./Core/Src/main.o
 .text.MX_GTZC_S_Init
                0x0c000370       0xd4 ./Core/Src/main.o
 .text.Error_Handler
                0x0c000444        0xc ./Core/Src/main.o
                0x0c000444                Error_Handler
 .text.SECURE_LED_Blink
                0x0c000450      0x108 ./Core/Src/secure_nsc.o
                0x0c000450                __acle_se_SECURE_LED_Blink
 .text.SECURE_RegisterCallback
                0x0c000558       0xac ./Core/Src/secure_nsc.o
                0x0c000558                __acle_se_SECURE_RegisterCallback
 .text.HAL_MspInit
                0x0c000604       0x54 ./Core/Src/stm32u5xx_hal_msp.o
                0x0c000604                HAL_MspInit
 .text.NMI_Handler
                0x0c000658        0x8 ./Core/Src/stm32u5xx_it.o
                0x0c000658                NMI_Handler
 .text.HardFault_Handler
                0x0c000660        0x8 ./Core/Src/stm32u5xx_it.o
                0x0c000660                HardFault_Handler
 .text.MemManage_Handler
                0x0c000668        0x8 ./Core/Src/stm32u5xx_it.o
                0x0c000668                MemManage_Handler
 .text.BusFault_Handler
                0x0c000670        0x8 ./Core/Src/stm32u5xx_it.o
                0x0c000670                BusFault_Handler
 .text.UsageFault_Handler
                0x0c000678        0x8 ./Core/Src/stm32u5xx_it.o
                0x0c000678                UsageFault_Handler
 .text.SecureFault_Handler
                0x0c000680        0x8 ./Core/Src/stm32u5xx_it.o
                0x0c000680                SecureFault_Handler
 .text.SVC_Handler
                0x0c000688        0xe ./Core/Src/stm32u5xx_it.o
                0x0c000688                SVC_Handler
 .text.DebugMon_Handler
                0x0c000696        0xe ./Core/Src/stm32u5xx_it.o
                0x0c000696                DebugMon_Handler
 .text.PendSV_Handler
                0x0c0006a4        0xe ./Core/Src/stm32u5xx_it.o
                0x0c0006a4                PendSV_Handler
 .text.SysTick_Handler
                0x0c0006b2        0xc ./Core/Src/stm32u5xx_it.o
                0x0c0006b2                SysTick_Handler
 *fill*         0x0c0006be        0x2 
 .text.TZ_SAU_Setup
                0x0c0006c0       0x64 ./Core/Src/system_stm32u5xx_s.o
 .text.SystemInit
                0x0c000724       0x80 ./Core/Src/system_stm32u5xx_s.o
                0x0c000724                SystemInit
 .text.SystemCoreClockUpdate
                0x0c0007a4      0x1f0 ./Core/Src/system_stm32u5xx_s.o
                0x0c0007a4                SystemCoreClockUpdate
 .text.SECURE_SystemCoreClockUpdate
                0x0c000994       0x80 ./Core/Src/system_stm32u5xx_s.o
                0x0c000994                __acle_se_SECURE_SystemCoreClockUpdate
 .text.Reset_Handler
                0x0c000a14       0x50 ./Core/Startup/startup_stm32u535cbtx.o
                0x0c000a14                Reset_Handler
 .text.Default_Handler
                0x0c000a64        0x2 ./Core/Startup/startup_stm32u535cbtx.o
                0x0c000a64                EXTI2_IRQHandler
                0x0c000a64                TIM8_TRG_COM_IRQHandler
                0x0c000a64                TIM8_CC_IRQHandler
                0x0c000a64                EXTI5_IRQHandler
                0x0c000a64                FLASH_S_IRQHandler
                0x0c000a64                EXTI13_IRQHandler
                0x0c000a64                TIM1_CC_IRQHandler
                0x0c000a64                TSC_IRQHandler
                0x0c000a64                TAMP_IRQHandler
                0x0c000a64                TIM6_IRQHandler
                0x0c000a64                EXTI12_IRQHandler
                0x0c000a64                CORDIC_IRQHandler
                0x0c000a64                EXTI3_IRQHandler
                0x0c000a64                LPTIM4_IRQHandler
                0x0c000a64                GPDMA1_Channel5_IRQHandler
                0x0c000a64                EXTI8_IRQHandler
                0x0c000a64                LPTIM2_IRQHandler
                0x0c000a64                I2C3_ER_IRQHandler
                0x0c000a64                PWR_S3WU_IRQHandler
                0x0c000a64                LPDMA1_Channel3_IRQHandler
                0x0c000a64                LPTIM3_IRQHandler
                0x0c000a64                EXTI0_IRQHandler
                0x0c000a64                I2C2_EV_IRQHandler
                0x0c000a64                FPU_IRQHandler
                0x0c000a64                GPDMA1_Channel3_IRQHandler
                0x0c000a64                GPDMA1_Channel7_IRQHandler
                0x0c000a64                FDCAN1_IT1_IRQHandler
                0x0c000a64                RAMCFG_IRQHandler
                0x0c000a64                GPDMA1_Channel9_IRQHandler
                0x0c000a64                DCACHE1_IRQHandler
                0x0c000a64                SPI1_IRQHandler
                0x0c000a64                OCTOSPI1_IRQHandler
                0x0c000a64                GPDMA1_Channel2_IRQHandler
                0x0c000a64                TIM8_UP_IRQHandler
                0x0c000a64                RCC_S_IRQHandler
                0x0c000a64                MDF1_FLT1_IRQHandler
                0x0c000a64                ADC1_IRQHandler
                0x0c000a64                EXTI15_IRQHandler
                0x0c000a64                TIM17_IRQHandler
                0x0c000a64                USART3_IRQHandler
                0x0c000a64                RTC_IRQHandler
                0x0c000a64                EXTI9_IRQHandler
                0x0c000a64                UART5_IRQHandler
                0x0c000a64                TIM4_IRQHandler
                0x0c000a64                I2C1_EV_IRQHandler
                0x0c000a64                GPDMA1_Channel12_IRQHandler
                0x0c000a64                GPDMA1_Channel1_IRQHandler
                0x0c000a64                TIM16_IRQHandler
                0x0c000a64                GPDMA1_Channel15_IRQHandler
                0x0c000a64                UART4_IRQHandler
                0x0c000a64                TIM3_IRQHandler
                0x0c000a64                RCC_IRQHandler
                0x0c000a64                TIM1_TRG_COM_IRQHandler
                0x0c000a64                Default_Handler
                0x0c000a64                GPDMA1_Channel8_IRQHandler
                0x0c000a64                FMAC_IRQHandler
                0x0c000a64                GPDMA1_Channel11_IRQHandler
                0x0c000a64                TIM7_IRQHandler
                0x0c000a64                SDMMC1_IRQHandler
                0x0c000a64                TIM5_IRQHandler
                0x0c000a64                GPDMA1_Channel0_IRQHandler
                0x0c000a64                TIM15_IRQHandler
                0x0c000a64                I2C3_EV_IRQHandler
                0x0c000a64                USB_IRQHandler
                0x0c000a64                LPDMA1_Channel0_IRQHandler
                0x0c000a64                PVD_PVM_IRQHandler
                0x0c000a64                SPI2_IRQHandler
                0x0c000a64                LPDMA1_Channel1_IRQHandler
                0x0c000a64                EXTI14_IRQHandler
                0x0c000a64                EXTI11_IRQHandler
                0x0c000a64                CRS_IRQHandler
                0x0c000a64                GPDMA1_Channel14_IRQHandler
                0x0c000a64                LSECSSD_IRQHandler
                0x0c000a64                EXTI4_IRQHandler
                0x0c000a64                RTC_S_IRQHandler
                0x0c000a64                GPDMA1_Channel13_IRQHandler
                0x0c000a64                RNG_IRQHandler
                0x0c000a64                COMP_IRQHandler
                0x0c000a64                TIM1_UP_IRQHandler
                0x0c000a64                ADC4_IRQHandler
                0x0c000a64                WWDG_IRQHandler
                0x0c000a64                I2C4_EV_IRQHandler
                0x0c000a64                ADF1_IRQHandler
                0x0c000a64                IWDG_IRQHandler
                0x0c000a64                LPUART1_IRQHandler
                0x0c000a64                MDF1_FLT0_IRQHandler
                0x0c000a64                FDCAN1_IT0_IRQHandler
                0x0c000a64                TIM2_IRQHandler
                0x0c000a64                GPDMA1_Channel4_IRQHandler
                0x0c000a64                EXTI7_IRQHandler
                0x0c000a64                TIM1_BRK_IRQHandler
                0x0c000a64                EXTI1_IRQHandler
                0x0c000a64                DAC1_IRQHandler
                0x0c000a64                GTZC_IRQHandler
                0x0c000a64                GPDMA1_Channel6_IRQHandler
                0x0c000a64                I2C2_ER_IRQHandler
                0x0c000a64                TIM8_BRK_IRQHandler
                0x0c000a64                FLASH_IRQHandler
                0x0c000a64                USART1_IRQHandler
                0x0c000a64                EXTI10_IRQHandler
                0x0c000a64                SPI3_IRQHandler
                0x0c000a64                LPDMA1_Channel2_IRQHandler
                0x0c000a64                I2C1_ER_IRQHandler
                0x0c000a64                EXTI6_IRQHandler
                0x0c000a64                LPTIM1_IRQHandler
                0x0c000a64                DCMI_PSSI_IRQHandler
                0x0c000a64                I2C4_ER_IRQHandler
                0x0c000a64                GPDMA1_Channel10_IRQHandler
                0x0c000a64                ICACHE_IRQHandler
                0x0c000a64                SAI1_IRQHandler
                0x0c000a64                HASH_IRQHandler
 *fill*         0x0c000a66        0x2 
 .text.HAL_Init
                0x0c000a68       0x60 ./Drivers/STM32U5xx_HAL_Driver/stm32u5xx_hal.o
                0x0c000a68                HAL_Init
 .text.HAL_InitTick
                0x0c000ac8       0xec ./Drivers/STM32U5xx_HAL_Driver/stm32u5xx_hal.o
                0x0c000ac8                HAL_InitTick
 .text.HAL_IncTick
                0x0c000bb4       0x28 ./Drivers/STM32U5xx_HAL_Driver/stm32u5xx_hal.o
                0x0c000bb4                HAL_IncTick
 .text.__NVIC_SetPriorityGrouping
                0x0c000bdc       0x48 ./Drivers/STM32U5xx_HAL_Driver/stm32u5xx_hal_cortex.o
 .text.__NVIC_GetPriorityGrouping
                0x0c000c24       0x1c ./Drivers/STM32U5xx_HAL_Driver/stm32u5xx_hal_cortex.o
 .text.__NVIC_SetPriority
                0x0c000c40       0x54 ./Drivers/STM32U5xx_HAL_Driver/stm32u5xx_hal_cortex.o
 .text.NVIC_EncodePriority
                0x0c000c94       0x66 ./Drivers/STM32U5xx_HAL_Driver/stm32u5xx_hal_cortex.o
 .text.HAL_NVIC_SetPriorityGrouping
                0x0c000cfa       0x16 ./Drivers/STM32U5xx_HAL_Driver/stm32u5xx_hal_cortex.o
                0x0c000cfa                HAL_NVIC_SetPriorityGrouping
 .text.HAL_NVIC_SetPriority
                0x0c000d10       0x34 ./Drivers/STM32U5xx_HAL_Driver/stm32u5xx_hal_cortex.o
                0x0c000d10                HAL_NVIC_SetPriority
 .text.HAL_SYSTICK_Config
                0x0c000d44       0x44 ./Drivers/STM32U5xx_HAL_Driver/stm32u5xx_hal_cortex.o
                0x0c000d44                HAL_SYSTICK_Config
 .text.HAL_SYSTICK_CLKSourceConfig
                0x0c000d88       0xb0 ./Drivers/STM32U5xx_HAL_Driver/stm32u5xx_hal_cortex.o
                0x0c000d88                HAL_SYSTICK_CLKSourceConfig
 .text.HAL_SYSTICK_GetCLKSourceConfig
                0x0c000e38       0x74 ./Drivers/STM32U5xx_HAL_Driver/stm32u5xx_hal_cortex.o
                0x0c000e38                HAL_SYSTICK_GetCLKSourceConfig
 .text.HAL_GTZC_MPCBB_ConfigMem
                0x0c000eac      0x178 ./Drivers/STM32U5xx_HAL_Driver/stm32u5xx_hal_gtzc.o
                0x0c000eac                HAL_GTZC_MPCBB_ConfigMem
 .text.HAL_RCC_GetSysClockFreq
                0x0c001024      0x204 ./Drivers/STM32U5xx_HAL_Driver/stm32u5xx_hal_rcc.o
                0x0c001024                HAL_RCC_GetSysClockFreq
 .text.memset   0x0c001228       0x10 C:/ST/STM32CubeIDE_1.19.0/STM32CubeIDE/plugins/com.st.stm32cube.ide.mcu.externaltools.gnu-tools-for-stm32.13.3.rel1.win32_1.0.0.202411081344/tools/bin/../lib/gcc/arm-none-eabi/13.3.1/../../../../arm-none-eabi/lib/thumb/v8-m.main+fp/hard\libc_nano.a(libc_a-memset.o)
                0x0c001228                memset
 .text.__libc_init_array
                0x0c001238       0x48 C:/ST/STM32CubeIDE_1.19.0/STM32CubeIDE/plugins/com.st.stm32cube.ide.mcu.externaltools.gnu-tools-for-stm32.13.3.rel1.win32_1.0.0.202411081344/tools/bin/../lib/gcc/arm-none-eabi/13.3.1/../../../../arm-none-eabi/lib/thumb/v8-m.main+fp/hard\libc_nano.a(libc_a-init.o)
                0x0c001238                __libc_init_array
 *(.glue_7)
 .glue_7        0x0c001280        0x0 linker stubs
 *(.glue_7t)
 .glue_7t       0x0c001280        0x0 linker stubs
 *(.eh_frame)
 .eh_frame      0x0c001280        0x0 C:/ST/STM32CubeIDE_1.19.0/STM32CubeIDE/plugins/com.st.stm32cube.ide.mcu.externaltools.gnu-tools-for-stm32.13.3.rel1.win32_1.0.0.202411081344/tools/bin/../lib/gcc/arm-none-eabi/13.3.1/thumb/v8-m.main+fp/hard/crtbegin.o
 *(.init)
 .init          0x0c001280        0x4 C:/ST/STM32CubeIDE_1.19.0/STM32CubeIDE/plugins/com.st.stm32cube.ide.mcu.externaltools.gnu-tools-for-stm32.13.3.rel1.win32_1.0.0.202411081344/tools/bin/../lib/gcc/arm-none-eabi/13.3.1/thumb/v8-m.main+fp/hard/crti.o
                0x0c001280                _init
 .init          0x0c001284        0x8 C:/ST/STM32CubeIDE_1.19.0/STM32CubeIDE/plugins/com.st.stm32cube.ide.mcu.externaltools.gnu-tools-for-stm32.13.3.rel1.win32_1.0.0.202411081344/tools/bin/../lib/gcc/arm-none-eabi/13.3.1/thumb/v8-m.main+fp/hard/crtn.o
 *(.fini)
 .fini          0x0c00128c        0x4 C:/ST/STM32CubeIDE_1.19.0/STM32CubeIDE/plugins/com.st.stm32cube.ide.mcu.externaltools.gnu-tools-for-stm32.13.3.rel1.win32_1.0.0.202411081344/tools/bin/../lib/gcc/arm-none-eabi/13.3.1/thumb/v8-m.main+fp/hard/crti.o
                0x0c00128c                _fini
 .fini          0x0c001290        0x8 C:/ST/STM32CubeIDE_1.19.0/STM32CubeIDE/plugins/com.st.stm32cube.ide.mcu.externaltools.gnu-tools-for-stm32.13.3.rel1.win32_1.0.0.202411081344/tools/bin/../lib/gcc/arm-none-eabi/13.3.1/thumb/v8-m.main+fp/hard/crtn.o
                0x0c001298                        _etext = .

.vfp11_veneer   0x0c001298        0x0
 .vfp11_veneer  0x0c001298        0x0 linker stubs

.v4_bx          0x0c001298        0x0
 .v4_bx         0x0c001298        0x0 linker stubs

.iplt           0x0c001298        0x0
 .iplt          0x0c001298        0x0 C:/ST/STM32CubeIDE_1.19.0/STM32CubeIDE/plugins/com.st.stm32cube.ide.mcu.externaltools.gnu-tools-for-stm32.13.3.rel1.win32_1.0.0.202411081344/tools/bin/../lib/gcc/arm-none-eabi/13.3.1/thumb/v8-m.main+fp/hard/crtbegin.o

.rodata         0x0c001298       0x50
 *(.rodata)
 *(.rodata*)
 .rodata.AHBPrescTable
                0x0c001298       0x10 ./Core/Src/system_stm32u5xx_s.o
                0x0c001298                AHBPrescTable
 .rodata.MSIRangeTable
                0x0c0012a8       0x40 ./Core/Src/system_stm32u5xx_s.o
                0x0c0012a8                MSIRangeTable

.ARM.extab
 *(.ARM.extab* .gnu.linkonce.armextab.*)

.ARM            0x0c0012e8        0x0
                0x0c0012e8                        __exidx_start = .
 *(.ARM.exidx*)
                0x0c0012e8                        __exidx_end = .

.preinit_array  0x0c0012e8        0x0
                0x0c0012e8                        PROVIDE (__preinit_array_start = .)
 *(.preinit_array*)
                0x0c0012e8                        PROVIDE (__preinit_array_end = .)

.init_array     0x0c0012e8        0x4
                0x0c0012e8                        PROVIDE (__init_array_start = .)
 *(SORT_BY_NAME(.init_array.*))
 *(.init_array*)
 .init_array    0x0c0012e8        0x4 C:/ST/STM32CubeIDE_1.19.0/STM32CubeIDE/plugins/com.st.stm32cube.ide.mcu.externaltools.gnu-tools-for-stm32.13.3.rel1.win32_1.0.0.202411081344/tools/bin/../lib/gcc/arm-none-eabi/13.3.1/thumb/v8-m.main+fp/hard/crtbegin.o
                0x0c0012ec                        PROVIDE (__init_array_end = .)

.fini_array     0x0c0012ec        0x4
                [!provide]                        PROVIDE (__fini_array_start = .)
 *(SORT_BY_NAME(.fini_array.*))
 *(.fini_array*)
 .fini_array    0x0c0012ec        0x4 C:/ST/STM32CubeIDE_1.19.0/STM32CubeIDE/plugins/com.st.stm32cube.ide.mcu.externaltools.gnu-tools-for-stm32.13.3.rel1.win32_1.0.0.202411081344/tools/bin/../lib/gcc/arm-none-eabi/13.3.1/thumb/v8-m.main+fp/hard/crtbegin.o
                [!provide]                        PROVIDE (__fini_array_end = .)
                0x0c0012f0                        _sidata = LOADADDR (.data)

.rel.dyn        0x0c0012f0        0x0
 .rel.iplt      0x0c0012f0        0x0 C:/ST/STM32CubeIDE_1.19.0/STM32CubeIDE/plugins/com.st.stm32cube.ide.mcu.externaltools.gnu-tools-for-stm32.13.3.rel1.win32_1.0.0.202411081344/tools/bin/../lib/gcc/arm-none-eabi/13.3.1/thumb/v8-m.main+fp/hard/crtbegin.o

.data           0x30000000        0x9 load address 0x0c0012f0
                0x30000000                        _sdata = .
 *(.data)
 *(.data*)
 .data.SystemCoreClock
                0x30000000        0x4 ./Core/Src/system_stm32u5xx_s.o
                0x30000000                SystemCoreClock
 .data.uwTickPrio
                0x30000004        0x4 ./Drivers/STM32U5xx_HAL_Driver/stm32u5xx_hal.o
                0x30000004                uwTickPrio
 .data.uwTickFreq
                0x30000008        0x1 ./Drivers/STM32U5xx_HAL_Driver/stm32u5xx_hal.o
                0x30000008                uwTickFreq
 *(.RamFunc)
 *(.RamFunc*)
                0x30000009                        _edata = .

.igot.plt       0x3000000c        0x0 load address 0x0c0012f9
 .igot.plt      0x3000000c        0x0 C:/ST/STM32CubeIDE_1.19.0/STM32CubeIDE/plugins/com.st.stm32cube.ide.mcu.externaltools.gnu-tools-for-stm32.13.3.rel1.win32_1.0.0.202411081344/tools/bin/../lib/gcc/arm-none-eabi/13.3.1/thumb/v8-m.main+fp/hard/crtbegin.o

.gnu.sgstubs    0x0c00e000       0x20
                0x0c00e000                        . = ALIGN (0x4)
 *(.gnu.sgstubs*)
                0x0c00e000                        . = ALIGN (0x4)
 .gnu.sgstubs.__stub
                0x0c00e000       0x18 linker stubs
                0x0c00e000                SECURE_SystemCoreClockUpdate
                0x0c00e008                SECURE_RegisterCallback
                0x0c00e010                SECURE_LED_Blink

.bss            0x3000000c       0x28
                0x3000000c                        _sbss = .
                0x3000000c                        __bss_start__ = _sbss
 *(.bss)
 .bss           0x3000000c       0x1c C:/ST/STM32CubeIDE_1.19.0/STM32CubeIDE/plugins/com.st.stm32cube.ide.mcu.externaltools.gnu-tools-for-stm32.13.3.rel1.win32_1.0.0.202411081344/tools/bin/../lib/gcc/arm-none-eabi/13.3.1/thumb/v8-m.main+fp/hard/crtbegin.o
 *(.bss*)
 .bss.pSecureFaultCallback
                0x30000028        0x4 ./Core/Src/secure_nsc.o
                0x30000028                pSecureFaultCallback
 .bss.pSecureErrorCallback
                0x3000002c        0x4 ./Core/Src/secure_nsc.o
                0x3000002c                pSecureErrorCallback
 .bss.uwTick    0x30000030        0x4 ./Drivers/STM32U5xx_HAL_Driver/stm32u5xx_hal.o
                0x30000030                uwTick
 *(COMMON)
                0x30000034                        _ebss = .
                0x30000034                        __bss_end__ = _ebss

._user_heap_stack
                0x30000034      0x604
                0x30000038                        . = ALIGN (0x8)
 *fill*         0x30000034        0x4 
                [!provide]                        PROVIDE (end = .)
                0x30000038                        PROVIDE (_end = .)
                0x30000238                        . = (. + _Min_Heap_Size)
 *fill*         0x30000038      0x200 
                0x30000638                        . = (. + _Min_Stack_Size)
 *fill*         0x30000238      0x400 
                0x30000638                        . = ALIGN (0x8)

/DISCARD/
 libc.a(*)
 libm.a(*)
 libgcc.a(*)

.ARM.attributes
                0x00000000       0x36
 *(.ARM.attributes)
 .ARM.attributes
                0x00000000       0x26 C:/ST/STM32CubeIDE_1.19.0/STM32CubeIDE/plugins/com.st.stm32cube.ide.mcu.externaltools.gnu-tools-for-stm32.13.3.rel1.win32_1.0.0.202411081344/tools/bin/../lib/gcc/arm-none-eabi/13.3.1/thumb/v8-m.main+fp/hard/crti.o
 .ARM.attributes
                0x00000026       0x38 C:/ST/STM32CubeIDE_1.19.0/STM32CubeIDE/plugins/com.st.stm32cube.ide.mcu.externaltools.gnu-tools-for-stm32.13.3.rel1.win32_1.0.0.202411081344/tools/bin/../lib/gcc/arm-none-eabi/13.3.1/thumb/v8-m.main+fp/hard/crtbegin.o
 .ARM.attributes
                0x0000005e       0x3a ./Core/Src/main.o
 .ARM.attributes
                0x00000098       0x3a ./Core/Src/secure_nsc.o
 .ARM.attributes
                0x000000d2       0x3a ./Core/Src/stm32u5xx_hal_msp.o
 .ARM.attributes
                0x0000010c       0x3a ./Core/Src/stm32u5xx_it.o
 .ARM.attributes
                0x00000146       0x3a ./Core/Src/system_stm32u5xx_s.o
 .ARM.attributes
                0x00000180       0x24 ./Core/Startup/startup_stm32u535cbtx.o
 .ARM.attributes
                0x000001a4       0x3a ./Drivers/STM32U5xx_HAL_Driver/stm32u5xx_hal.o
 .ARM.attributes
                0x000001de       0x3a ./Drivers/STM32U5xx_HAL_Driver/stm32u5xx_hal_cortex.o
 .ARM.attributes
                0x00000218       0x3a ./Drivers/STM32U5xx_HAL_Driver/stm32u5xx_hal_gtzc.o
 .ARM.attributes
                0x00000252       0x3a ./Drivers/STM32U5xx_HAL_Driver/stm32u5xx_hal_rcc.o
 .ARM.attributes
                0x0000028c       0x38 C:/ST/STM32CubeIDE_1.19.0/STM32CubeIDE/plugins/com.st.stm32cube.ide.mcu.externaltools.gnu-tools-for-stm32.13.3.rel1.win32_1.0.0.202411081344/tools/bin/../lib/gcc/arm-none-eabi/13.3.1/../../../../arm-none-eabi/lib/thumb/v8-m.main+fp/hard\libc_nano.a(libc_a-memset.o)
 .ARM.attributes
                0x000002c4       0x38 C:/ST/STM32CubeIDE_1.19.0/STM32CubeIDE/plugins/com.st.stm32cube.ide.mcu.externaltools.gnu-tools-for-stm32.13.3.rel1.win32_1.0.0.202411081344/tools/bin/../lib/gcc/arm-none-eabi/13.3.1/../../../../arm-none-eabi/lib/thumb/v8-m.main+fp/hard\libc_nano.a(libc_a-init.o)
 .ARM.attributes
                0x000002fc       0x24 C:/ST/STM32CubeIDE_1.19.0/STM32CubeIDE/plugins/com.st.stm32cube.ide.mcu.externaltools.gnu-tools-for-stm32.13.3.rel1.win32_1.0.0.202411081344/tools/bin/../lib/gcc/arm-none-eabi/13.3.1/thumb/v8-m.main+fp/hard\libgcc.a(cmse_nonsecure_call.o)
 .ARM.attributes
                0x00000320       0x26 C:/ST/STM32CubeIDE_1.19.0/STM32CubeIDE/plugins/com.st.stm32cube.ide.mcu.externaltools.gnu-tools-for-stm32.13.3.rel1.win32_1.0.0.202411081344/tools/bin/../lib/gcc/arm-none-eabi/13.3.1/thumb/v8-m.main+fp/hard/crtn.o
OUTPUT(Secure.elf elf32-littlearm)
LOAD linker stubs
LOAD C:/ST/STM32CubeIDE_1.19.0/STM32CubeIDE/plugins/com.st.stm32cube.ide.mcu.externaltools.gnu-tools-for-stm32.13.3.rel1.win32_1.0.0.202411081344/tools/bin/../lib/gcc/arm-none-eabi/13.3.1/../../../../arm-none-eabi/lib/thumb/v8-m.main+fp/hard\libc.a
LOAD C:/ST/STM32CubeIDE_1.19.0/STM32CubeIDE/plugins/com.st.stm32cube.ide.mcu.externaltools.gnu-tools-for-stm32.13.3.rel1.win32_1.0.0.202411081344/tools/bin/../lib/gcc/arm-none-eabi/13.3.1/../../../../arm-none-eabi/lib/thumb/v8-m.main+fp/hard\libm.a
LOAD C:/ST/STM32CubeIDE_1.19.0/STM32CubeIDE/plugins/com.st.stm32cube.ide.mcu.externaltools.gnu-tools-for-stm32.13.3.rel1.win32_1.0.0.202411081344/tools/bin/../lib/gcc/arm-none-eabi/13.3.1/thumb/v8-m.main+fp/hard\libgcc.a

.debug_info     0x00000000     0x6260
 .debug_info    0x00000000      0x58c ./Core/Src/main.o
 .debug_info    0x0000058c      0x556 ./Core/Src/secure_nsc.o
 .debug_info    0x00000ae2      0x425 ./Core/Src/stm32u5xx_hal_msp.o
 .debug_info    0x00000f07      0x138 ./Core/Src/stm32u5xx_it.o
 .debug_info    0x0000103f      0xb84 ./Core/Src/system_stm32u5xx_s.o
 .debug_info    0x00001bc3       0x30 ./Core/Startup/startup_stm32u535cbtx.o
 .debug_info    0x00001bf3     0x117e ./Drivers/STM32U5xx_HAL_Driver/stm32u5xx_hal.o
 .debug_info    0x00002d71     0x1732 ./Drivers/STM32U5xx_HAL_Driver/stm32u5xx_hal_cortex.o
 .debug_info    0x000044a3      0xc70 ./Drivers/STM32U5xx_HAL_Driver/stm32u5xx_hal_gtzc.o
 .debug_info    0x00005113     0x114d ./Drivers/STM32U5xx_HAL_Driver/stm32u5xx_hal_rcc.o

.debug_abbrev   0x00000000     0x10d3
 .debug_abbrev  0x00000000      0x207 ./Core/Src/main.o
 .debug_abbrev  0x00000207      0x161 ./Core/Src/secure_nsc.o
 .debug_abbrev  0x00000368       0xeb ./Core/Src/stm32u5xx_hal_msp.o
 .debug_abbrev  0x00000453       0x73 ./Core/Src/stm32u5xx_it.o
 .debug_abbrev  0x000004c6      0x186 ./Core/Src/system_stm32u5xx_s.o
 .debug_abbrev  0x0000064c       0x24 ./Core/Startup/startup_stm32u535cbtx.o
 .debug_abbrev  0x00000670      0x2b6 ./Drivers/STM32U5xx_HAL_Driver/stm32u5xx_hal.o
 .debug_abbrev  0x00000926      0x311 ./Drivers/STM32U5xx_HAL_Driver/stm32u5xx_hal_cortex.o
 .debug_abbrev  0x00000c37      0x1d3 ./Drivers/STM32U5xx_HAL_Driver/stm32u5xx_hal_gtzc.o
 .debug_abbrev  0x00000e0a      0x2c9 ./Drivers/STM32U5xx_HAL_Driver/stm32u5xx_hal_rcc.o

.debug_aranges  0x00000000      0x570
 .debug_aranges
                0x00000000       0x38 ./Core/Src/main.o
 .debug_aranges
                0x00000038       0x28 ./Core/Src/secure_nsc.o
 .debug_aranges
                0x00000060       0x20 ./Core/Src/stm32u5xx_hal_msp.o
 .debug_aranges
                0x00000080       0x68 ./Core/Src/stm32u5xx_it.o
 .debug_aranges
                0x000000e8       0x38 ./Core/Src/system_stm32u5xx_s.o
 .debug_aranges
                0x00000120       0x28 ./Core/Startup/startup_stm32u535cbtx.o
 .debug_aranges
                0x00000148      0x158 ./Drivers/STM32U5xx_HAL_Driver/stm32u5xx_hal.o
 .debug_aranges
                0x000002a0      0x170 ./Drivers/STM32U5xx_HAL_Driver/stm32u5xx_hal_cortex.o
 .debug_aranges
                0x00000410       0xb8 ./Drivers/STM32U5xx_HAL_Driver/stm32u5xx_hal_gtzc.o
 .debug_aranges
                0x000004c8       0xa8 ./Drivers/STM32U5xx_HAL_Driver/stm32u5xx_hal_rcc.o

.debug_rnglists
                0x00000000      0x404
 .debug_rnglists
                0x00000000       0x27 ./Core/Src/main.o
 .debug_rnglists
                0x00000027       0x1b ./Core/Src/secure_nsc.o
 .debug_rnglists
                0x00000042       0x13 ./Core/Src/stm32u5xx_hal_msp.o
 .debug_rnglists
                0x00000055       0x49 ./Core/Src/stm32u5xx_it.o
 .debug_rnglists
                0x0000009e       0x28 ./Core/Src/system_stm32u5xx_s.o
 .debug_rnglists
                0x000000c6       0x19 ./Core/Startup/startup_stm32u535cbtx.o
 .debug_rnglists
                0x000000df       0xff ./Drivers/STM32U5xx_HAL_Driver/stm32u5xx_hal.o
 .debug_rnglists
                0x000001de      0x110 ./Drivers/STM32U5xx_HAL_Driver/stm32u5xx_hal_cortex.o
 .debug_rnglists
                0x000002ee       0x96 ./Drivers/STM32U5xx_HAL_Driver/stm32u5xx_hal_gtzc.o
 .debug_rnglists
                0x00000384       0x80 ./Drivers/STM32U5xx_HAL_Driver/stm32u5xx_hal_rcc.o

.debug_macro    0x00000000    0x2a663
 .debug_macro   0x00000000      0x272 ./Core/Src/main.o
 .debug_macro   0x00000272      0xade ./Core/Src/main.o
 .debug_macro   0x00000d50       0x16 ./Core/Src/main.o
 .debug_macro   0x00000d66      0x1f5 ./Core/Src/main.o
 .debug_macro   0x00000f5b      0x190 ./Core/Src/main.o
 .debug_macro   0x000010eb       0x63 ./Core/Src/main.o
 .debug_macro   0x0000114e       0x2e ./Core/Src/main.o
 .debug_macro   0x0000117c       0x42 ./Core/Src/main.o
 .debug_macro   0x000011be       0x22 ./Core/Src/main.o
 .debug_macro   0x000011e0       0x8e ./Core/Src/main.o
 .debug_macro   0x0000126e       0x51 ./Core/Src/main.o
 .debug_macro   0x000012bf      0x103 ./Core/Src/main.o
 .debug_macro   0x000013c2       0x6a ./Core/Src/main.o
 .debug_macro   0x0000142c      0x1df ./Core/Src/main.o
 .debug_macro   0x0000160b       0x1c ./Core/Src/main.o
 .debug_macro   0x00001627       0x29 ./Core/Src/main.o
 .debug_macro   0x00001650      0x110 ./Core/Src/main.o
 .debug_macro   0x00001760     0x17f1 ./Core/Src/main.o
 .debug_macro   0x00002f51       0x5e ./Core/Src/main.o
 .debug_macro   0x00002faf    0x1d379 ./Core/Src/main.o
 .debug_macro   0x00020328       0x6d ./Core/Src/main.o
 .debug_macro   0x00020395     0x393e ./Core/Src/main.o
 .debug_macro   0x00023cd3       0x61 ./Core/Src/main.o
 .debug_macro   0x00023d34       0x2a ./Core/Src/main.o
 .debug_macro   0x00023d5e       0x43 ./Core/Src/main.o
 .debug_macro   0x00023da1       0x34 ./Core/Src/main.o
 .debug_macro   0x00023dd5      0x370 ./Core/Src/main.o
 .debug_macro   0x00024145       0x16 ./Core/Src/main.o
 .debug_macro   0x0002415b       0x4a ./Core/Src/main.o
 .debug_macro   0x000241a5       0x34 ./Core/Src/main.o
 .debug_macro   0x000241d9       0x10 ./Core/Src/main.o
 .debug_macro   0x000241e9       0x58 ./Core/Src/main.o
 .debug_macro   0x00024241       0x8e ./Core/Src/main.o
 .debug_macro   0x000242cf       0x1c ./Core/Src/main.o
 .debug_macro   0x000242eb      0x185 ./Core/Src/main.o
 .debug_macro   0x00024470      0x19b ./Core/Src/main.o
 .debug_macro   0x0002460b       0x5d ./Core/Src/main.o
 .debug_macro   0x00024668     0x1861 ./Core/Src/main.o
 .debug_macro   0x00025ec9      0x773 ./Core/Src/main.o
 .debug_macro   0x0002663c      0x17b ./Core/Src/main.o
 .debug_macro   0x000267b7      0x250 ./Core/Src/main.o
 .debug_macro   0x00026a07      0x3b0 ./Core/Src/main.o
 .debug_macro   0x00026db7      0x574 ./Core/Src/main.o
 .debug_macro   0x0002732b      0x440 ./Core/Src/main.o
 .debug_macro   0x0002776b       0xdd ./Core/Src/main.o
 .debug_macro   0x00027848      0x1d4 ./Core/Src/main.o
 .debug_macro   0x00027a1c      0x4b0 ./Core/Src/main.o
 .debug_macro   0x00027ecc       0xa8 ./Core/Src/main.o
 .debug_macro   0x00027f74      0x131 ./Core/Src/main.o
 .debug_macro   0x000280a5      0x525 ./Core/Src/main.o
 .debug_macro   0x000285ca      0x448 ./Core/Src/main.o
 .debug_macro   0x00028a12      0x1c6 ./Core/Src/main.o
 .debug_macro   0x00028bd8      0x3ae ./Core/Src/main.o
 .debug_macro   0x00028f86      0x276 ./Core/Src/secure_nsc.o
 .debug_macro   0x000291fc      0x26c ./Core/Src/stm32u5xx_hal_msp.o
 .debug_macro   0x00029468      0x276 ./Core/Src/stm32u5xx_it.o
 .debug_macro   0x000296de      0x283 ./Core/Src/system_stm32u5xx_s.o
 .debug_macro   0x00029961      0x17f ./Core/Src/system_stm32u5xx_s.o
 .debug_macro   0x00029ae0      0x287 ./Drivers/STM32U5xx_HAL_Driver/stm32u5xx_hal.o
 .debug_macro   0x00029d67      0x263 ./Drivers/STM32U5xx_HAL_Driver/stm32u5xx_hal_cortex.o
 .debug_macro   0x00029fca      0x330 ./Drivers/STM32U5xx_HAL_Driver/stm32u5xx_hal_gtzc.o
 .debug_macro   0x0002a2fa      0x369 ./Drivers/STM32U5xx_HAL_Driver/stm32u5xx_hal_rcc.o

.debug_line     0x00000000     0x7b8f
 .debug_line    0x00000000      0x8d5 ./Core/Src/main.o
 .debug_line    0x000008d5      0x8f3 ./Core/Src/secure_nsc.o
 .debug_line    0x000011c8      0x848 ./Core/Src/stm32u5xx_hal_msp.o
 .debug_line    0x00001a10      0x90c ./Core/Src/stm32u5xx_it.o
 .debug_line    0x0000231c      0x9fa ./Core/Src/system_stm32u5xx_s.o
 .debug_line    0x00002d16       0x7b ./Core/Startup/startup_stm32u535cbtx.o
 .debug_line    0x00002d91      0xd8f ./Drivers/STM32U5xx_HAL_Driver/stm32u5xx_hal.o
 .debug_line    0x00003b20      0xfc9 ./Drivers/STM32U5xx_HAL_Driver/stm32u5xx_hal_cortex.o
 .debug_line    0x00004ae9     0x1970 ./Drivers/STM32U5xx_HAL_Driver/stm32u5xx_hal_gtzc.o
 .debug_line    0x00006459     0x1736 ./Drivers/STM32U5xx_HAL_Driver/stm32u5xx_hal_rcc.o

.debug_str      0x00000000   0x10c6e8
 .debug_str     0x00000000   0x10c6e8 ./Core/Src/main.o
                             0x109226 (size before relaxing)
 .debug_str     0x0010c6e8   0x109245 ./Core/Src/secure_nsc.o
 .debug_str     0x0010c6e8   0x109179 ./Core/Src/stm32u5xx_hal_msp.o
 .debug_str     0x0010c6e8   0x108fda ./Core/Src/stm32u5xx_it.o
 .debug_str     0x0010c6e8   0x10994d ./Core/Src/system_stm32u5xx_s.o
 .debug_str     0x0010c6e8       0x85 ./Core/Startup/startup_stm32u535cbtx.o
 .debug_str     0x0010c6e8   0x10a0b3 ./Drivers/STM32U5xx_HAL_Driver/stm32u5xx_hal.o
 .debug_str     0x0010c6e8   0x109f32 ./Drivers/STM32U5xx_HAL_Driver/stm32u5xx_hal_cortex.o
 .debug_str     0x0010c6e8   0x109c01 ./Drivers/STM32U5xx_HAL_Driver/stm32u5xx_hal_gtzc.o
 .debug_str     0x0010c6e8   0x10a995 ./Drivers/STM32U5xx_HAL_Driver/stm32u5xx_hal_rcc.o

.comment        0x00000000       0x43
 .comment       0x00000000       0x43 ./Core/Src/main.o
                                 0x44 (size before relaxing)
 .comment       0x00000043       0x44 ./Core/Src/secure_nsc.o
 .comment       0x00000043       0x44 ./Core/Src/stm32u5xx_hal_msp.o
 .comment       0x00000043       0x44 ./Core/Src/stm32u5xx_it.o
 .comment       0x00000043       0x44 ./Core/Src/system_stm32u5xx_s.o
 .comment       0x00000043       0x44 ./Drivers/STM32U5xx_HAL_Driver/stm32u5xx_hal.o
 .comment       0x00000043       0x44 ./Drivers/STM32U5xx_HAL_Driver/stm32u5xx_hal_cortex.o
 .comment       0x00000043       0x44 ./Drivers/STM32U5xx_HAL_Driver/stm32u5xx_hal_gtzc.o
 .comment       0x00000043       0x44 ./Drivers/STM32U5xx_HAL_Driver/stm32u5xx_hal_rcc.o

.debug_frame    0x00000000     0x1470
 .debug_frame   0x00000000       0x94 ./Core/Src/main.o
 .debug_frame   0x00000094       0x60 ./Core/Src/secure_nsc.o
 .debug_frame   0x000000f4       0x38 ./Core/Src/stm32u5xx_hal_msp.o
 .debug_frame   0x0000012c      0x11c ./Core/Src/stm32u5xx_it.o
 .debug_frame   0x00000248       0x98 ./Core/Src/system_stm32u5xx_s.o
 .debug_frame   0x000002e0      0x550 ./Drivers/STM32U5xx_HAL_Driver/stm32u5xx_hal.o
 .debug_frame   0x00000830      0x640 ./Drivers/STM32U5xx_HAL_Driver/stm32u5xx_hal_cortex.o
 .debug_frame   0x00000e70      0x32c ./Drivers/STM32U5xx_HAL_Driver/stm32u5xx_hal_gtzc.o
 .debug_frame   0x0000119c      0x288 ./Drivers/STM32U5xx_HAL_Driver/stm32u5xx_hal_rcc.o
 .debug_frame   0x00001424       0x20 C:/ST/STM32CubeIDE_1.19.0/STM32CubeIDE/plugins/com.st.stm32cube.ide.mcu.externaltools.gnu-tools-for-stm32.13.3.rel1.win32_1.0.0.202411081344/tools/bin/../lib/gcc/arm-none-eabi/13.3.1/../../../../arm-none-eabi/lib/thumb/v8-m.main+fp/hard\libc_nano.a(libc_a-memset.o)
 .debug_frame   0x00001444       0x2c C:/ST/STM32CubeIDE_1.19.0/STM32CubeIDE/plugins/com.st.stm32cube.ide.mcu.externaltools.gnu-tools-for-stm32.13.3.rel1.win32_1.0.0.202411081344/tools/bin/../lib/gcc/arm-none-eabi/13.3.1/../../../../arm-none-eabi/lib/thumb/v8-m.main+fp/hard\libc_nano.a(libc_a-init.o)

.debug_line_str
                0x00000000       0x69
 .debug_line_str
                0x00000000       0x69 ./Core/Startup/startup_stm32u535cbtx.o
